Filename = 1.out.txt, no_of_character_errs = 17, ground_truth_length = 40, output_length = 30, Percentage Character Errors = 42.5%
Filename = 10.out.txt, no_of_character_errs = 9, ground_truth_length = 9, output_length = 30, Percentage Character Errors = 100.0%
Filename = 100.out.txt, no_of_character_errs = 9, ground_truth_length = 41, output_length = 39, Percentage Character Errors = 21.9512195122%
Filename = 1000.out.txt, no_of_character_errs = 12, ground_truth_length = 40, output_length = 33, Percentage Character Errors = 30.0%
Filename = 1001.out.txt, no_of_character_errs = 16, ground_truth_length = 38, output_length = 47, Percentage Character Errors = 42.1052631579%
Filename = 1002.out.txt, no_of_character_errs = 17, ground_truth_length = 39, output_length = 37, Percentage Character Errors = 43.5897435897%
Filename = 1003.out.txt, no_of_character_errs = 10, ground_truth_length = 28, output_length = 28, Percentage Character Errors = 35.7142857143%
Filename = 1004.out.txt, no_of_character_errs = 16, ground_truth_length = 40, output_length = 32, Percentage Character Errors = 40.0%
Filename = 1005.out.txt, no_of_character_errs = 21, ground_truth_length = 54, output_length = 46, Percentage Character Errors = 38.8888888889%
Filename = 1006.out.txt, no_of_character_errs = 34, ground_truth_length = 93, output_length = 79, Percentage Character Errors = 36.5591397849%
Filename = 1007.out.txt, no_of_character_errs = 5, ground_truth_length = 34, output_length = 32, Percentage Character Errors = 14.7058823529%
Filename = 1008.out.txt, no_of_character_errs = 5, ground_truth_length = 12, output_length = 12, Percentage Character Errors = 41.6666666667%
Filename = 1009.out.txt, no_of_character_errs = 17, ground_truth_length = 37, output_length = 33, Percentage Character Errors = 45.9459459459%
Filename = 101.out.txt, no_of_character_errs = 20, ground_truth_length = 73, output_length = 63, Percentage Character Errors = 27.397260274%
Filename = 1010.out.txt, no_of_character_errs = 13, ground_truth_length = 41, output_length = 41, Percentage Character Errors = 31.7073170732%
Filename = 1011.out.txt, no_of_character_errs = 10, ground_truth_length = 37, output_length = 42, Percentage Character Errors = 27.027027027%
Filename = 1012.out.txt, no_of_character_errs = 19, ground_truth_length = 35, output_length = 25, Percentage Character Errors = 54.2857142857%
Filename = 1013.out.txt, no_of_character_errs = 10, ground_truth_length = 42, output_length = 38, Percentage Character Errors = 23.8095238095%
Filename = 1014.out.txt, no_of_character_errs = 13, ground_truth_length = 75, output_length = 72, Percentage Character Errors = 17.3333333333%
Filename = 1015.out.txt, no_of_character_errs = 19, ground_truth_length = 41, output_length = 40, Percentage Character Errors = 46.3414634146%
Filename = 1016.out.txt, no_of_character_errs = 20, ground_truth_length = 39, output_length = 29, Percentage Character Errors = 51.2820512821%
Filename = 1017.out.txt, no_of_character_errs = 5, ground_truth_length = 37, output_length = 35, Percentage Character Errors = 13.5135135135%
Filename = 1018.out.txt, no_of_character_errs = 13, ground_truth_length = 19, output_length = 16, Percentage Character Errors = 68.4210526316%
Filename = 1019.out.txt, no_of_character_errs = 11, ground_truth_length = 18, output_length = 15, Percentage Character Errors = 61.1111111111%
Filename = 102.out.txt, no_of_character_errs = 41, ground_truth_length = 41, output_length = 15, Percentage Character Errors = 100.0%
Filename = 1020.out.txt, no_of_character_errs = 20, ground_truth_length = 69, output_length = 63, Percentage Character Errors = 28.9855072464%
Filename = 1021.out.txt, no_of_character_errs = 18, ground_truth_length = 40, output_length = 37, Percentage Character Errors = 45.0%
Filename = 1022.out.txt, no_of_character_errs = 18, ground_truth_length = 41, output_length = 32, Percentage Character Errors = 43.9024390244%
Filename = 1023.out.txt, no_of_character_errs = 10, ground_truth_length = 38, output_length = 40, Percentage Character Errors = 26.3157894737%
Filename = 1024.out.txt, no_of_character_errs = 22, ground_truth_length = 37, output_length = 28, Percentage Character Errors = 59.4594594595%
Filename = 1025.out.txt, no_of_character_errs = 18, ground_truth_length = 39, output_length = 31, Percentage Character Errors = 46.1538461538%
Filename = 1026.out.txt, no_of_character_errs = 12, ground_truth_length = 41, output_length = 37, Percentage Character Errors = 29.2682926829%
Filename = 1027.out.txt, no_of_character_errs = 14, ground_truth_length = 34, output_length = 29, Percentage Character Errors = 41.1764705882%
Filename = 1028.out.txt, no_of_character_errs = 10, ground_truth_length = 13, output_length = 11, Percentage Character Errors = 76.9230769231%
Filename = 1029.out.txt, no_of_character_errs = 20, ground_truth_length = 39, output_length = 35, Percentage Character Errors = 51.2820512821%
Filename = 103.out.txt, no_of_character_errs = 10, ground_truth_length = 32, output_length = 32, Percentage Character Errors = 31.25%
Filename = 104.out.txt, no_of_character_errs = 8, ground_truth_length = 16, output_length = 15, Percentage Character Errors = 50.0%
Filename = 105.out.txt, no_of_character_errs = 24, ground_truth_length = 42, output_length = 38, Percentage Character Errors = 57.1428571429%
Filename = 106.out.txt, no_of_character_errs = 11, ground_truth_length = 70, output_length = 65, Percentage Character Errors = 15.7142857143%
Filename = 107.out.txt, no_of_character_errs = 6, ground_truth_length = 40, output_length = 42, Percentage Character Errors = 15.0%
Filename = 108.out.txt, no_of_character_errs = 7, ground_truth_length = 20, output_length = 18, Percentage Character Errors = 35.0%
Filename = 109.out.txt, no_of_character_errs = 7, ground_truth_length = 26, output_length = 28, Percentage Character Errors = 26.9230769231%
Filename = 11.out.txt, no_of_character_errs = 20, ground_truth_length = 38, output_length = 31, Percentage Character Errors = 52.6315789474%
Filename = 110.out.txt, no_of_character_errs = 18, ground_truth_length = 88, output_length = 88, Percentage Character Errors = 20.4545454545%
Filename = 111.out.txt, no_of_character_errs = 99, ground_truth_length = 99, output_length = 88, Percentage Character Errors = 100.0%
Filename = 112.out.txt, no_of_character_errs = 5, ground_truth_length = 56, output_length = 56, Percentage Character Errors = 8.92857142857%
Filename = 113.out.txt, no_of_character_errs = 26, ground_truth_length = 51, output_length = 42, Percentage Character Errors = 50.9803921569%
Filename = 114.out.txt, no_of_character_errs = 6, ground_truth_length = 29, output_length = 30, Percentage Character Errors = 20.6896551724%
Filename = 115.out.txt, no_of_character_errs = 9, ground_truth_length = 73, output_length = 74, Percentage Character Errors = 12.3287671233%
Filename = 116.out.txt, no_of_character_errs = 12, ground_truth_length = 41, output_length = 37, Percentage Character Errors = 29.2682926829%
Filename = 117.out.txt, no_of_character_errs = 13, ground_truth_length = 91, output_length = 100, Percentage Character Errors = 14.2857142857%
Filename = 118.out.txt, no_of_character_errs = 27, ground_truth_length = 56, output_length = 43, Percentage Character Errors = 48.2142857143%
Filename = 119.out.txt, no_of_character_errs = 14, ground_truth_length = 89, output_length = 91, Percentage Character Errors = 15.7303370787%
Filename = 12.out.txt, no_of_character_errs = 19, ground_truth_length = 42, output_length = 39, Percentage Character Errors = 45.2380952381%
Filename = 120.out.txt, no_of_character_errs = 14, ground_truth_length = 64, output_length = 60, Percentage Character Errors = 21.875%
Filename = 121.out.txt, no_of_character_errs = 15, ground_truth_length = 41, output_length = 42, Percentage Character Errors = 36.5853658537%
Filename = 122.out.txt, no_of_character_errs = 51, ground_truth_length = 92, output_length = 86, Percentage Character Errors = 55.4347826087%
Filename = 123.out.txt, no_of_character_errs = 1, ground_truth_length = 28, output_length = 28, Percentage Character Errors = 3.57142857143%
Filename = 124.out.txt, no_of_character_errs = 21, ground_truth_length = 38, output_length = 36, Percentage Character Errors = 55.2631578947%
Filename = 125.out.txt, no_of_character_errs = 9, ground_truth_length = 39, output_length = 41, Percentage Character Errors = 23.0769230769%
Filename = 126.out.txt, no_of_character_errs = 16, ground_truth_length = 42, output_length = 39, Percentage Character Errors = 38.0952380952%
Filename = 127.out.txt, no_of_character_errs = 33, ground_truth_length = 81, output_length = 78, Percentage Character Errors = 40.7407407407%
Filename = 128.out.txt, no_of_character_errs = 16, ground_truth_length = 38, output_length = 31, Percentage Character Errors = 42.1052631579%
Filename = 129.out.txt, no_of_character_errs = 16, ground_truth_length = 76, output_length = 80, Percentage Character Errors = 21.0526315789%
Filename = 13.out.txt, no_of_character_errs = 5, ground_truth_length = 37, output_length = 39, Percentage Character Errors = 13.5135135135%
Filename = 130.out.txt, no_of_character_errs = 11, ground_truth_length = 40, output_length = 41, Percentage Character Errors = 27.5%
Filename = 131.out.txt, no_of_character_errs = 9, ground_truth_length = 14, output_length = 13, Percentage Character Errors = 64.2857142857%
Filename = 132.out.txt, no_of_character_errs = 16, ground_truth_length = 34, output_length = 35, Percentage Character Errors = 47.0588235294%
Filename = 133.out.txt, no_of_character_errs = 8, ground_truth_length = 40, output_length = 40, Percentage Character Errors = 20.0%
Filename = 134.out.txt, no_of_character_errs = 18, ground_truth_length = 34, output_length = 27, Percentage Character Errors = 52.9411764706%
Filename = 135.out.txt, no_of_character_errs = 22, ground_truth_length = 52, output_length = 50, Percentage Character Errors = 42.3076923077%
Filename = 136.out.txt, no_of_character_errs = 78, ground_truth_length = 78, output_length = 50, Percentage Character Errors = 100.0%
Filename = 137.out.txt, no_of_character_errs = 7, ground_truth_length = 22, output_length = 23, Percentage Character Errors = 31.8181818182%
Filename = 138.out.txt, no_of_character_errs = 12, ground_truth_length = 23, output_length = 26, Percentage Character Errors = 52.1739130435%
Filename = 139.out.txt, no_of_character_errs = 17, ground_truth_length = 89, output_length = 83, Percentage Character Errors = 19.1011235955%
Filename = 14.out.txt, no_of_character_errs = 8, ground_truth_length = 40, output_length = 34, Percentage Character Errors = 20.0%
Filename = 140.out.txt, no_of_character_errs = 13, ground_truth_length = 82, output_length = 82, Percentage Character Errors = 15.8536585366%
Filename = 141.out.txt, no_of_character_errs = 6, ground_truth_length = 36, output_length = 38, Percentage Character Errors = 16.6666666667%
Filename = 142.out.txt, no_of_character_errs = 13, ground_truth_length = 63, output_length = 65, Percentage Character Errors = 20.6349206349%
Filename = 143.out.txt, no_of_character_errs = 14, ground_truth_length = 26, output_length = 25, Percentage Character Errors = 53.8461538462%
Filename = 144.out.txt, no_of_character_errs = 20, ground_truth_length = 41, output_length = 35, Percentage Character Errors = 48.7804878049%
Filename = 145.out.txt, no_of_character_errs = 3, ground_truth_length = 33, output_length = 33, Percentage Character Errors = 9.09090909091%
Filename = 146.out.txt, no_of_character_errs = 10, ground_truth_length = 41, output_length = 45, Percentage Character Errors = 24.3902439024%
Filename = 147.out.txt, no_of_character_errs = 30, ground_truth_length = 30, output_length = 45, Percentage Character Errors = 100.0%
Filename = 148.out.txt, no_of_character_errs = 17, ground_truth_length = 40, output_length = 34, Percentage Character Errors = 42.5%
Filename = 149.out.txt, no_of_character_errs = 7, ground_truth_length = 38, output_length = 34, Percentage Character Errors = 18.4210526316%
Filename = 15.out.txt, no_of_character_errs = 4, ground_truth_length = 14, output_length = 13, Percentage Character Errors = 28.5714285714%
Filename = 150.out.txt, no_of_character_errs = 17, ground_truth_length = 37, output_length = 38, Percentage Character Errors = 45.9459459459%
Filename = 151.out.txt, no_of_character_errs = 8, ground_truth_length = 18, output_length = 14, Percentage Character Errors = 44.4444444444%
Filename = 152.out.txt, no_of_character_errs = 28, ground_truth_length = 76, output_length = 75, Percentage Character Errors = 36.8421052632%
Filename = 153.out.txt, no_of_character_errs = 33, ground_truth_length = 74, output_length = 56, Percentage Character Errors = 44.5945945946%
Filename = 154.out.txt, no_of_character_errs = 23, ground_truth_length = 108, output_length = 108, Percentage Character Errors = 21.2962962963%
Filename = 155.out.txt, no_of_character_errs = 17, ground_truth_length = 37, output_length = 33, Percentage Character Errors = 45.9459459459%
Filename = 156.out.txt, no_of_character_errs = 8, ground_truth_length = 11, output_length = 15, Percentage Character Errors = 72.7272727273%
Filename = 157.out.txt, no_of_character_errs = 7, ground_truth_length = 36, output_length = 33, Percentage Character Errors = 19.4444444444%
Filename = 158.out.txt, no_of_character_errs = 16, ground_truth_length = 36, output_length = 32, Percentage Character Errors = 44.4444444444%
Filename = 159.out.txt, no_of_character_errs = 6, ground_truth_length = 20, output_length = 20, Percentage Character Errors = 30.0%
Filename = 16.out.txt, no_of_character_errs = 16, ground_truth_length = 41, output_length = 45, Percentage Character Errors = 39.0243902439%
Filename = 160.out.txt, no_of_character_errs = 15, ground_truth_length = 40, output_length = 36, Percentage Character Errors = 37.5%
Filename = 161.out.txt, no_of_character_errs = 19, ground_truth_length = 41, output_length = 33, Percentage Character Errors = 46.3414634146%
Filename = 162.out.txt, no_of_character_errs = 8, ground_truth_length = 20, output_length = 22, Percentage Character Errors = 40.0%
Filename = 163.out.txt, no_of_character_errs = 24, ground_truth_length = 59, output_length = 52, Percentage Character Errors = 40.6779661017%
Filename = 164.out.txt, no_of_character_errs = 27, ground_truth_length = 61, output_length = 51, Percentage Character Errors = 44.262295082%
Filename = 165.out.txt, no_of_character_errs = 11, ground_truth_length = 77, output_length = 82, Percentage Character Errors = 14.2857142857%
Filename = 166.out.txt, no_of_character_errs = 19, ground_truth_length = 40, output_length = 33, Percentage Character Errors = 47.5%
Filename = 167.out.txt, no_of_character_errs = 15, ground_truth_length = 34, output_length = 37, Percentage Character Errors = 44.1176470588%
Filename = 168.out.txt, no_of_character_errs = 6, ground_truth_length = 40, output_length = 40, Percentage Character Errors = 15.0%
Filename = 169.out.txt, no_of_character_errs = 14, ground_truth_length = 78, output_length = 84, Percentage Character Errors = 17.9487179487%
Filename = 17.out.txt, no_of_character_errs = 7, ground_truth_length = 77, output_length = 76, Percentage Character Errors = 9.09090909091%
Filename = 170.out.txt, no_of_character_errs = 17, ground_truth_length = 39, output_length = 34, Percentage Character Errors = 43.5897435897%
Filename = 171.out.txt, no_of_character_errs = 8, ground_truth_length = 33, output_length = 36, Percentage Character Errors = 24.2424242424%
Filename = 172.out.txt, no_of_character_errs = 13, ground_truth_length = 88, output_length = 90, Percentage Character Errors = 14.7727272727%
Filename = 173.out.txt, no_of_character_errs = 28, ground_truth_length = 65, output_length = 48, Percentage Character Errors = 43.0769230769%
Filename = 174.out.txt, no_of_character_errs = 7, ground_truth_length = 31, output_length = 31, Percentage Character Errors = 22.5806451613%
Filename = 175.out.txt, no_of_character_errs = 3, ground_truth_length = 32, output_length = 33, Percentage Character Errors = 9.375%
Filename = 176.out.txt, no_of_character_errs = 11, ground_truth_length = 36, output_length = 40, Percentage Character Errors = 30.5555555556%
Filename = 177.out.txt, no_of_character_errs = 28, ground_truth_length = 67, output_length = 59, Percentage Character Errors = 41.7910447761%
Filename = 178.out.txt, no_of_character_errs = 36, ground_truth_length = 92, output_length = 80, Percentage Character Errors = 39.1304347826%
Filename = 179.out.txt, no_of_character_errs = 9, ground_truth_length = 55, output_length = 53, Percentage Character Errors = 16.3636363636%
Filename = 18.out.txt, no_of_character_errs = 38, ground_truth_length = 76, output_length = 69, Percentage Character Errors = 50.0%
Filename = 180.out.txt, no_of_character_errs = 8, ground_truth_length = 56, output_length = 55, Percentage Character Errors = 14.2857142857%
Filename = 181.out.txt, no_of_character_errs = 11, ground_truth_length = 15, output_length = 14, Percentage Character Errors = 73.3333333333%
Filename = 182.out.txt, no_of_character_errs = 2, ground_truth_length = 41, output_length = 41, Percentage Character Errors = 4.87804878049%
Filename = 183.out.txt, no_of_character_errs = 16, ground_truth_length = 103, output_length = 104, Percentage Character Errors = 15.5339805825%
Filename = 184.out.txt, no_of_character_errs = 22, ground_truth_length = 37, output_length = 41, Percentage Character Errors = 59.4594594595%
Filename = 185.out.txt, no_of_character_errs = 21, ground_truth_length = 19, output_length = 28, Percentage Character Errors = 110.526315789%
Filename = 186.out.txt, no_of_character_errs = 43, ground_truth_length = 90, output_length = 74, Percentage Character Errors = 47.7777777778%
Filename = 187.out.txt, no_of_character_errs = 30, ground_truth_length = 68, output_length = 67, Percentage Character Errors = 44.1176470588%
Filename = 188.out.txt, no_of_character_errs = 17, ground_truth_length = 41, output_length = 38, Percentage Character Errors = 41.4634146341%
Filename = 189.out.txt, no_of_character_errs = 21, ground_truth_length = 40, output_length = 36, Percentage Character Errors = 52.5%
Filename = 19.out.txt, no_of_character_errs = 29, ground_truth_length = 78, output_length = 76, Percentage Character Errors = 37.1794871795%
Filename = 190.out.txt, no_of_character_errs = 18, ground_truth_length = 41, output_length = 36, Percentage Character Errors = 43.9024390244%
Filename = 191.out.txt, no_of_character_errs = 12, ground_truth_length = 38, output_length = 38, Percentage Character Errors = 31.5789473684%
Filename = 192.out.txt, no_of_character_errs = 16, ground_truth_length = 40, output_length = 29, Percentage Character Errors = 40.0%
Filename = 193.out.txt, no_of_character_errs = 8, ground_truth_length = 78, output_length = 76, Percentage Character Errors = 10.2564102564%
Filename = 194.out.txt, no_of_character_errs = 14, ground_truth_length = 29, output_length = 25, Percentage Character Errors = 48.275862069%
Filename = 195.out.txt, no_of_character_errs = 9, ground_truth_length = 84, output_length = 83, Percentage Character Errors = 10.7142857143%
Filename = 196.out.txt, no_of_character_errs = 20, ground_truth_length = 40, output_length = 36, Percentage Character Errors = 50.0%
Filename = 197.out.txt, no_of_character_errs = 22, ground_truth_length = 40, output_length = 41, Percentage Character Errors = 55.0%
Filename = 198.out.txt, no_of_character_errs = 28, ground_truth_length = 73, output_length = 73, Percentage Character Errors = 38.3561643836%
Filename = 199.out.txt, no_of_character_errs = 24, ground_truth_length = 39, output_length = 39, Percentage Character Errors = 61.5384615385%
Filename = 2.out.txt, no_of_character_errs = 13, ground_truth_length = 61, output_length = 59, Percentage Character Errors = 21.3114754098%
Filename = 20.out.txt, no_of_character_errs = 16, ground_truth_length = 39, output_length = 35, Percentage Character Errors = 41.0256410256%
Filename = 200.out.txt, no_of_character_errs = 21, ground_truth_length = 40, output_length = 31, Percentage Character Errors = 52.5%
Filename = 201.out.txt, no_of_character_errs = 6, ground_truth_length = 40, output_length = 41, Percentage Character Errors = 15.0%
Filename = 202.out.txt, no_of_character_errs = 26, ground_truth_length = 96, output_length = 86, Percentage Character Errors = 27.0833333333%
Filename = 203.out.txt, no_of_character_errs = 21, ground_truth_length = 41, output_length = 39, Percentage Character Errors = 51.2195121951%
Filename = 204.out.txt, no_of_character_errs = 8, ground_truth_length = 55, output_length = 59, Percentage Character Errors = 14.5454545455%
Filename = 205.out.txt, no_of_character_errs = 21, ground_truth_length = 39, output_length = 33, Percentage Character Errors = 53.8461538462%
Filename = 206.out.txt, no_of_character_errs = 44, ground_truth_length = 81, output_length = 60, Percentage Character Errors = 54.3209876543%
Filename = 207.out.txt, no_of_character_errs = 15, ground_truth_length = 51, output_length = 48, Percentage Character Errors = 29.4117647059%
Filename = 208.out.txt, no_of_character_errs = 13, ground_truth_length = 41, output_length = 40, Percentage Character Errors = 31.7073170732%
Filename = 209.out.txt, no_of_character_errs = 4, ground_truth_length = 17, output_length = 17, Percentage Character Errors = 23.5294117647%
Filename = 21.out.txt, no_of_character_errs = 14, ground_truth_length = 34, output_length = 34, Percentage Character Errors = 41.1764705882%
Filename = 210.out.txt, no_of_character_errs = 11, ground_truth_length = 38, output_length = 36, Percentage Character Errors = 28.9473684211%
Filename = 211.out.txt, no_of_character_errs = 5, ground_truth_length = 35, output_length = 38, Percentage Character Errors = 14.2857142857%
Filename = 212.out.txt, no_of_character_errs = 17, ground_truth_length = 37, output_length = 31, Percentage Character Errors = 45.9459459459%
Filename = 213.out.txt, no_of_character_errs = 7, ground_truth_length = 12, output_length = 11, Percentage Character Errors = 58.3333333333%
Filename = 214.out.txt, no_of_character_errs = 13, ground_truth_length = 36, output_length = 37, Percentage Character Errors = 36.1111111111%
Filename = 215.out.txt, no_of_character_errs = 36, ground_truth_length = 77, output_length = 64, Percentage Character Errors = 46.7532467532%
Filename = 216.out.txt, no_of_character_errs = 18, ground_truth_length = 38, output_length = 35, Percentage Character Errors = 47.3684210526%
Filename = 217.out.txt, no_of_character_errs = 7, ground_truth_length = 17, output_length = 19, Percentage Character Errors = 41.1764705882%
Filename = 218.out.txt, no_of_character_errs = 15, ground_truth_length = 42, output_length = 38, Percentage Character Errors = 35.7142857143%
Filename = 219.out.txt, no_of_character_errs = 16, ground_truth_length = 70, output_length = 70, Percentage Character Errors = 22.8571428571%
Filename = 22.out.txt, no_of_character_errs = 5, ground_truth_length = 40, output_length = 42, Percentage Character Errors = 12.5%
Filename = 220.out.txt, no_of_character_errs = 9, ground_truth_length = 27, output_length = 24, Percentage Character Errors = 33.3333333333%
Filename = 221.out.txt, no_of_character_errs = 17, ground_truth_length = 40, output_length = 33, Percentage Character Errors = 42.5%
Filename = 222.out.txt, no_of_character_errs = 6, ground_truth_length = 28, output_length = 29, Percentage Character Errors = 21.4285714286%
Filename = 223.out.txt, no_of_character_errs = 10, ground_truth_length = 72, output_length = 73, Percentage Character Errors = 13.8888888889%
Filename = 224.out.txt, no_of_character_errs = 19, ground_truth_length = 37, output_length = 40, Percentage Character Errors = 51.3513513514%
Filename = 225.out.txt, no_of_character_errs = 19, ground_truth_length = 38, output_length = 33, Percentage Character Errors = 50.0%
Filename = 226.out.txt, no_of_character_errs = 16, ground_truth_length = 40, output_length = 30, Percentage Character Errors = 40.0%
Filename = 227.out.txt, no_of_character_errs = 4, ground_truth_length = 13, output_length = 11, Percentage Character Errors = 30.7692307692%
Filename = 228.out.txt, no_of_character_errs = 4, ground_truth_length = 53, output_length = 55, Percentage Character Errors = 7.54716981132%
Filename = 229.out.txt, no_of_character_errs = 9, ground_truth_length = 39, output_length = 40, Percentage Character Errors = 23.0769230769%
Filename = 23.out.txt, no_of_character_errs = 8, ground_truth_length = 61, output_length = 64, Percentage Character Errors = 13.1147540984%
Filename = 230.out.txt, no_of_character_errs = 9, ground_truth_length = 38, output_length = 41, Percentage Character Errors = 23.6842105263%
Filename = 231.out.txt, no_of_character_errs = 11, ground_truth_length = 44, output_length = 41, Percentage Character Errors = 25.0%
Filename = 232.out.txt, no_of_character_errs = 26, ground_truth_length = 65, output_length = 58, Percentage Character Errors = 40.0%
Filename = 233.out.txt, no_of_character_errs = 3, ground_truth_length = 40, output_length = 39, Percentage Character Errors = 7.5%
Filename = 234.out.txt, no_of_character_errs = 11, ground_truth_length = 41, output_length = 43, Percentage Character Errors = 26.8292682927%
Filename = 235.out.txt, no_of_character_errs = 7, ground_truth_length = 12, output_length = 11, Percentage Character Errors = 58.3333333333%
Filename = 236.out.txt, no_of_character_errs = 18, ground_truth_length = 40, output_length = 34, Percentage Character Errors = 45.0%
Filename = 237.out.txt, no_of_character_errs = 18, ground_truth_length = 41, output_length = 36, Percentage Character Errors = 43.9024390244%
Filename = 238.out.txt, no_of_character_errs = 26, ground_truth_length = 51, output_length = 41, Percentage Character Errors = 50.9803921569%
Filename = 239.out.txt, no_of_character_errs = 39, ground_truth_length = 95, output_length = 76, Percentage Character Errors = 41.0526315789%
Filename = 24.out.txt, no_of_character_errs = 22, ground_truth_length = 40, output_length = 41, Percentage Character Errors = 55.0%
Filename = 240.out.txt, no_of_character_errs = 21, ground_truth_length = 40, output_length = 30, Percentage Character Errors = 52.5%
Filename = 241.out.txt, no_of_character_errs = 20, ground_truth_length = 40, output_length = 41, Percentage Character Errors = 50.0%
Filename = 242.out.txt, no_of_character_errs = 11, ground_truth_length = 40, output_length = 38, Percentage Character Errors = 27.5%
Filename = 243.out.txt, no_of_character_errs = 22, ground_truth_length = 51, output_length = 47, Percentage Character Errors = 43.137254902%
Filename = 244.out.txt, no_of_character_errs = 17, ground_truth_length = 36, output_length = 31, Percentage Character Errors = 47.2222222222%
Filename = 245.out.txt, no_of_character_errs = 25, ground_truth_length = 58, output_length = 50, Percentage Character Errors = 43.1034482759%
Filename = 246.out.txt, no_of_character_errs = 5, ground_truth_length = 74, output_length = 73, Percentage Character Errors = 6.75675675676%
Filename = 247.out.txt, no_of_character_errs = 10, ground_truth_length = 18, output_length = 18, Percentage Character Errors = 55.5555555556%
Filename = 248.out.txt, no_of_character_errs = 9, ground_truth_length = 8, output_length = 10, Percentage Character Errors = 112.5%
Filename = 249.out.txt, no_of_character_errs = 11, ground_truth_length = 40, output_length = 42, Percentage Character Errors = 27.5%
Filename = 25.out.txt, no_of_character_errs = 9, ground_truth_length = 16, output_length = 12, Percentage Character Errors = 56.25%
Filename = 250.out.txt, no_of_character_errs = 38, ground_truth_length = 105, output_length = 92, Percentage Character Errors = 36.1904761905%
Filename = 251.out.txt, no_of_character_errs = 6, ground_truth_length = 40, output_length = 42, Percentage Character Errors = 15.0%
Filename = 252.out.txt, no_of_character_errs = 33, ground_truth_length = 89, output_length = 75, Percentage Character Errors = 37.0786516854%
Filename = 253.out.txt, no_of_character_errs = 3, ground_truth_length = 13, output_length = 15, Percentage Character Errors = 23.0769230769%
Filename = 254.out.txt, no_of_character_errs = 16, ground_truth_length = 36, output_length = 34, Percentage Character Errors = 44.4444444444%
Filename = 255.out.txt, no_of_character_errs = 11, ground_truth_length = 23, output_length = 19, Percentage Character Errors = 47.8260869565%
Filename = 256.out.txt, no_of_character_errs = 8, ground_truth_length = 38, output_length = 37, Percentage Character Errors = 21.0526315789%
Filename = 257.out.txt, no_of_character_errs = 18, ground_truth_length = 41, output_length = 36, Percentage Character Errors = 43.9024390244%
Filename = 258.out.txt, no_of_character_errs = 21, ground_truth_length = 39, output_length = 37, Percentage Character Errors = 53.8461538462%
Filename = 259.out.txt, no_of_character_errs = 30, ground_truth_length = 55, output_length = 52, Percentage Character Errors = 54.5454545455%
Filename = 26.out.txt, no_of_character_errs = 14, ground_truth_length = 39, output_length = 41, Percentage Character Errors = 35.8974358974%
Filename = 260.out.txt, no_of_character_errs = 17, ground_truth_length = 39, output_length = 36, Percentage Character Errors = 43.5897435897%
Filename = 261.out.txt, no_of_character_errs = 27, ground_truth_length = 65, output_length = 51, Percentage Character Errors = 41.5384615385%
Filename = 262.out.txt, no_of_character_errs = 7, ground_truth_length = 18, output_length = 18, Percentage Character Errors = 38.8888888889%
Filename = 263.out.txt, no_of_character_errs = 11, ground_truth_length = 34, output_length = 32, Percentage Character Errors = 32.3529411765%
Filename = 264.out.txt, no_of_character_errs = 16, ground_truth_length = 39, output_length = 38, Percentage Character Errors = 41.0256410256%
Filename = 265.out.txt, no_of_character_errs = 16, ground_truth_length = 31, output_length = 27, Percentage Character Errors = 51.6129032258%
Filename = 266.out.txt, no_of_character_errs = 4, ground_truth_length = 54, output_length = 56, Percentage Character Errors = 7.40740740741%
Filename = 267.out.txt, no_of_character_errs = 6, ground_truth_length = 44, output_length = 46, Percentage Character Errors = 13.6363636364%
Filename = 268.out.txt, no_of_character_errs = 7, ground_truth_length = 39, output_length = 40, Percentage Character Errors = 17.9487179487%
Filename = 269.out.txt, no_of_character_errs = 13, ground_truth_length = 42, output_length = 39, Percentage Character Errors = 30.9523809524%
Filename = 27.out.txt, no_of_character_errs = 24, ground_truth_length = 54, output_length = 43, Percentage Character Errors = 44.4444444444%
Filename = 270.out.txt, no_of_character_errs = 6, ground_truth_length = 17, output_length = 14, Percentage Character Errors = 35.2941176471%
Filename = 271.out.txt, no_of_character_errs = 21, ground_truth_length = 38, output_length = 38, Percentage Character Errors = 55.2631578947%
Filename = 272.out.txt, no_of_character_errs = 6, ground_truth_length = 13, output_length = 13, Percentage Character Errors = 46.1538461538%
Filename = 273.out.txt, no_of_character_errs = 7, ground_truth_length = 36, output_length = 33, Percentage Character Errors = 19.4444444444%
Filename = 274.out.txt, no_of_character_errs = 44, ground_truth_length = 44, output_length = 33, Percentage Character Errors = 100.0%
Filename = 275.out.txt, no_of_character_errs = 5, ground_truth_length = 39, output_length = 38, Percentage Character Errors = 12.8205128205%
Filename = 276.out.txt, no_of_character_errs = 15, ground_truth_length = 36, output_length = 32, Percentage Character Errors = 41.6666666667%
Filename = 277.out.txt, no_of_character_errs = 7, ground_truth_length = 36, output_length = 39, Percentage Character Errors = 19.4444444444%
Filename = 278.out.txt, no_of_character_errs = 5, ground_truth_length = 35, output_length = 37, Percentage Character Errors = 14.2857142857%
Filename = 279.out.txt, no_of_character_errs = 5, ground_truth_length = 28, output_length = 27, Percentage Character Errors = 17.8571428571%
Filename = 28.out.txt, no_of_character_errs = 6, ground_truth_length = 6, output_length = 6, Percentage Character Errors = 100.0%
Filename = 280.out.txt, no_of_character_errs = 4, ground_truth_length = 32, output_length = 34, Percentage Character Errors = 12.5%
Filename = 281.out.txt, no_of_character_errs = 18, ground_truth_length = 39, output_length = 36, Percentage Character Errors = 46.1538461538%
Filename = 282.out.txt, no_of_character_errs = 17, ground_truth_length = 39, output_length = 37, Percentage Character Errors = 43.5897435897%
Filename = 283.out.txt, no_of_character_errs = 16, ground_truth_length = 71, output_length = 70, Percentage Character Errors = 22.5352112676%
Filename = 284.out.txt, no_of_character_errs = 12, ground_truth_length = 37, output_length = 36, Percentage Character Errors = 32.4324324324%
Filename = 285.out.txt, no_of_character_errs = 12, ground_truth_length = 41, output_length = 44, Percentage Character Errors = 29.2682926829%
Filename = 286.out.txt, no_of_character_errs = 13, ground_truth_length = 35, output_length = 29, Percentage Character Errors = 37.1428571429%
Filename = 287.out.txt, no_of_character_errs = 19, ground_truth_length = 40, output_length = 28, Percentage Character Errors = 47.5%
Filename = 288.out.txt, no_of_character_errs = 27, ground_truth_length = 87, output_length = 77, Percentage Character Errors = 31.0344827586%
Filename = 289.out.txt, no_of_character_errs = 11, ground_truth_length = 32, output_length = 34, Percentage Character Errors = 34.375%
Filename = 29.out.txt, no_of_character_errs = 41, ground_truth_length = 41, output_length = 34, Percentage Character Errors = 100.0%
Filename = 290.out.txt, no_of_character_errs = 26, ground_truth_length = 79, output_length = 71, Percentage Character Errors = 32.9113924051%
Filename = 291.out.txt, no_of_character_errs = 19, ground_truth_length = 41, output_length = 42, Percentage Character Errors = 46.3414634146%
Filename = 292.out.txt, no_of_character_errs = 26, ground_truth_length = 61, output_length = 51, Percentage Character Errors = 42.6229508197%
Filename = 293.out.txt, no_of_character_errs = 12, ground_truth_length = 29, output_length = 21, Percentage Character Errors = 41.3793103448%
Filename = 294.out.txt, no_of_character_errs = 7, ground_truth_length = 35, output_length = 36, Percentage Character Errors = 20.0%
Filename = 295.out.txt, no_of_character_errs = 13, ground_truth_length = 26, output_length = 23, Percentage Character Errors = 50.0%
Filename = 296.out.txt, no_of_character_errs = 20, ground_truth_length = 37, output_length = 32, Percentage Character Errors = 54.0540540541%
Filename = 297.out.txt, no_of_character_errs = 18, ground_truth_length = 37, output_length = 40, Percentage Character Errors = 48.6486486486%
Filename = 298.out.txt, no_of_character_errs = 17, ground_truth_length = 41, output_length = 44, Percentage Character Errors = 41.4634146341%
Filename = 299.out.txt, no_of_character_errs = 8, ground_truth_length = 17, output_length = 13, Percentage Character Errors = 47.0588235294%
Filename = 3.out.txt, no_of_character_errs = 16, ground_truth_length = 37, output_length = 34, Percentage Character Errors = 43.2432432432%
Filename = 30.out.txt, no_of_character_errs = 3, ground_truth_length = 39, output_length = 38, Percentage Character Errors = 7.69230769231%
Filename = 300.out.txt, no_of_character_errs = 16, ground_truth_length = 43, output_length = 43, Percentage Character Errors = 37.2093023256%
Filename = 301.out.txt, no_of_character_errs = 16, ground_truth_length = 21, output_length = 17, Percentage Character Errors = 76.1904761905%
Filename = 302.out.txt, no_of_character_errs = 10, ground_truth_length = 15, output_length = 17, Percentage Character Errors = 66.6666666667%
Filename = 303.out.txt, no_of_character_errs = 14, ground_truth_length = 63, output_length = 64, Percentage Character Errors = 22.2222222222%
Filename = 304.out.txt, no_of_character_errs = 8, ground_truth_length = 41, output_length = 44, Percentage Character Errors = 19.512195122%
Filename = 305.out.txt, no_of_character_errs = 14, ground_truth_length = 20, output_length = 18, Percentage Character Errors = 70.0%
Filename = 306.out.txt, no_of_character_errs = 13, ground_truth_length = 41, output_length = 39, Percentage Character Errors = 31.7073170732%
Filename = 307.out.txt, no_of_character_errs = 16, ground_truth_length = 22, output_length = 21, Percentage Character Errors = 72.7272727273%
Filename = 308.out.txt, no_of_character_errs = 17, ground_truth_length = 32, output_length = 31, Percentage Character Errors = 53.125%
Filename = 309.out.txt, no_of_character_errs = 17, ground_truth_length = 38, output_length = 32, Percentage Character Errors = 44.7368421053%
Filename = 31.out.txt, no_of_character_errs = 24, ground_truth_length = 87, output_length = 82, Percentage Character Errors = 27.5862068966%
Filename = 310.out.txt, no_of_character_errs = 3, ground_truth_length = 35, output_length = 34, Percentage Character Errors = 8.57142857143%
Filename = 311.out.txt, no_of_character_errs = 9, ground_truth_length = 63, output_length = 60, Percentage Character Errors = 14.2857142857%
Filename = 312.out.txt, no_of_character_errs = 40, ground_truth_length = 84, output_length = 77, Percentage Character Errors = 47.619047619%
Filename = 313.out.txt, no_of_character_errs = 8, ground_truth_length = 45, output_length = 46, Percentage Character Errors = 17.7777777778%
Filename = 314.out.txt, no_of_character_errs = 7, ground_truth_length = 34, output_length = 32, Percentage Character Errors = 20.5882352941%
Filename = 315.out.txt, no_of_character_errs = 18, ground_truth_length = 38, output_length = 33, Percentage Character Errors = 47.3684210526%
Filename = 316.out.txt, no_of_character_errs = 5, ground_truth_length = 46, output_length = 49, Percentage Character Errors = 10.8695652174%
Filename = 317.out.txt, no_of_character_errs = 11, ground_truth_length = 36, output_length = 37, Percentage Character Errors = 30.5555555556%
Filename = 318.out.txt, no_of_character_errs = 16, ground_truth_length = 39, output_length = 32, Percentage Character Errors = 41.0256410256%
Filename = 319.out.txt, no_of_character_errs = 48, ground_truth_length = 79, output_length = 63, Percentage Character Errors = 60.7594936709%
Filename = 32.out.txt, no_of_character_errs = 15, ground_truth_length = 18, output_length = 22, Percentage Character Errors = 83.3333333333%
Filename = 320.out.txt, no_of_character_errs = 10, ground_truth_length = 37, output_length = 41, Percentage Character Errors = 27.027027027%
Filename = 321.out.txt, no_of_character_errs = 22, ground_truth_length = 39, output_length = 44, Percentage Character Errors = 56.4102564103%
Filename = 322.out.txt, no_of_character_errs = 5, ground_truth_length = 17, output_length = 15, Percentage Character Errors = 29.4117647059%
Filename = 323.out.txt, no_of_character_errs = 19, ground_truth_length = 19, output_length = 15, Percentage Character Errors = 100.0%
Filename = 324.out.txt, no_of_character_errs = 4, ground_truth_length = 36, output_length = 33, Percentage Character Errors = 11.1111111111%
Filename = 325.out.txt, no_of_character_errs = 19, ground_truth_length = 38, output_length = 37, Percentage Character Errors = 50.0%
Filename = 326.out.txt, no_of_character_errs = 19, ground_truth_length = 39, output_length = 37, Percentage Character Errors = 48.7179487179%
Filename = 327.out.txt, no_of_character_errs = 24, ground_truth_length = 38, output_length = 40, Percentage Character Errors = 63.1578947368%
Filename = 328.out.txt, no_of_character_errs = 5, ground_truth_length = 34, output_length = 34, Percentage Character Errors = 14.7058823529%
Filename = 329.out.txt, no_of_character_errs = 10, ground_truth_length = 15, output_length = 13, Percentage Character Errors = 66.6666666667%
Filename = 33.out.txt, no_of_character_errs = 5, ground_truth_length = 38, output_length = 37, Percentage Character Errors = 13.1578947368%
Filename = 330.out.txt, no_of_character_errs = 5, ground_truth_length = 81, output_length = 81, Percentage Character Errors = 6.17283950617%
Filename = 331.out.txt, no_of_character_errs = 3, ground_truth_length = 37, output_length = 35, Percentage Character Errors = 8.10810810811%
Filename = 332.out.txt, no_of_character_errs = 1, ground_truth_length = 24, output_length = 24, Percentage Character Errors = 4.16666666667%
Filename = 333.out.txt, no_of_character_errs = 47, ground_truth_length = 96, output_length = 81, Percentage Character Errors = 48.9583333333%
Filename = 334.out.txt, no_of_character_errs = 7, ground_truth_length = 70, output_length = 67, Percentage Character Errors = 10.0%
Filename = 335.out.txt, no_of_character_errs = 24, ground_truth_length = 51, output_length = 43, Percentage Character Errors = 47.0588235294%
Filename = 336.out.txt, no_of_character_errs = 23, ground_truth_length = 55, output_length = 49, Percentage Character Errors = 41.8181818182%
Filename = 337.out.txt, no_of_character_errs = 20, ground_truth_length = 41, output_length = 40, Percentage Character Errors = 48.7804878049%
Filename = 338.out.txt, no_of_character_errs = 68, ground_truth_length = 68, output_length = 40, Percentage Character Errors = 100.0%
Filename = 339.out.txt, no_of_character_errs = 37, ground_truth_length = 85, output_length = 69, Percentage Character Errors = 43.5294117647%
Filename = 34.out.txt, no_of_character_errs = 13, ground_truth_length = 34, output_length = 34, Percentage Character Errors = 38.2352941176%
Filename = 340.out.txt, no_of_character_errs = 26, ground_truth_length = 70, output_length = 65, Percentage Character Errors = 37.1428571429%
Filename = 341.out.txt, no_of_character_errs = 9, ground_truth_length = 38, output_length = 40, Percentage Character Errors = 23.6842105263%
Filename = 342.out.txt, no_of_character_errs = 7, ground_truth_length = 31, output_length = 34, Percentage Character Errors = 22.5806451613%
Filename = 343.out.txt, no_of_character_errs = 17, ground_truth_length = 41, output_length = 35, Percentage Character Errors = 41.4634146341%
Filename = 344.out.txt, no_of_character_errs = 15, ground_truth_length = 36, output_length = 37, Percentage Character Errors = 41.6666666667%
Filename = 345.out.txt, no_of_character_errs = 7, ground_truth_length = 38, output_length = 38, Percentage Character Errors = 18.4210526316%
Filename = 346.out.txt, no_of_character_errs = 15, ground_truth_length = 38, output_length = 28, Percentage Character Errors = 39.4736842105%
Filename = 347.out.txt, no_of_character_errs = 16, ground_truth_length = 55, output_length = 57, Percentage Character Errors = 29.0909090909%
Filename = 348.out.txt, no_of_character_errs = 22, ground_truth_length = 41, output_length = 32, Percentage Character Errors = 53.6585365854%
Filename = 349.out.txt, no_of_character_errs = 11, ground_truth_length = 46, output_length = 49, Percentage Character Errors = 23.9130434783%
Filename = 35.out.txt, no_of_character_errs = 17, ground_truth_length = 41, output_length = 40, Percentage Character Errors = 41.4634146341%
Filename = 350.out.txt, no_of_character_errs = 20, ground_truth_length = 42, output_length = 35, Percentage Character Errors = 47.619047619%
Filename = 351.out.txt, no_of_character_errs = 3, ground_truth_length = 23, output_length = 24, Percentage Character Errors = 13.0434782609%
Filename = 352.out.txt, no_of_character_errs = 13, ground_truth_length = 38, output_length = 38, Percentage Character Errors = 34.2105263158%
Filename = 353.out.txt, no_of_character_errs = 11, ground_truth_length = 16, output_length = 13, Percentage Character Errors = 68.75%
Filename = 354.out.txt, no_of_character_errs = 47, ground_truth_length = 84, output_length = 78, Percentage Character Errors = 55.9523809524%
Filename = 355.out.txt, no_of_character_errs = 3, ground_truth_length = 29, output_length = 30, Percentage Character Errors = 10.3448275862%
Filename = 356.out.txt, no_of_character_errs = 11, ground_truth_length = 84, output_length = 84, Percentage Character Errors = 13.0952380952%
Filename = 357.out.txt, no_of_character_errs = 19, ground_truth_length = 41, output_length = 30, Percentage Character Errors = 46.3414634146%
Filename = 358.out.txt, no_of_character_errs = 13, ground_truth_length = 34, output_length = 35, Percentage Character Errors = 38.2352941176%
Filename = 359.out.txt, no_of_character_errs = 3, ground_truth_length = 36, output_length = 37, Percentage Character Errors = 8.33333333333%
Filename = 36.out.txt, no_of_character_errs = 22, ground_truth_length = 57, output_length = 51, Percentage Character Errors = 38.5964912281%
Filename = 360.out.txt, no_of_character_errs = 24, ground_truth_length = 55, output_length = 39, Percentage Character Errors = 43.6363636364%
Filename = 361.out.txt, no_of_character_errs = 10, ground_truth_length = 41, output_length = 43, Percentage Character Errors = 24.3902439024%
Filename = 362.out.txt, no_of_character_errs = 21, ground_truth_length = 10, output_length = 22, Percentage Character Errors = 210.0%
Filename = 363.out.txt, no_of_character_errs = 7, ground_truth_length = 8, output_length = 6, Percentage Character Errors = 87.5%
Filename = 364.out.txt, no_of_character_errs = 17, ground_truth_length = 40, output_length = 43, Percentage Character Errors = 42.5%
Filename = 365.out.txt, no_of_character_errs = 16, ground_truth_length = 64, output_length = 61, Percentage Character Errors = 25.0%
Filename = 366.out.txt, no_of_character_errs = 26, ground_truth_length = 66, output_length = 58, Percentage Character Errors = 39.3939393939%
Filename = 367.out.txt, no_of_character_errs = 8, ground_truth_length = 9, output_length = 11, Percentage Character Errors = 88.8888888889%
Filename = 368.out.txt, no_of_character_errs = 20, ground_truth_length = 41, output_length = 37, Percentage Character Errors = 48.7804878049%
Filename = 369.out.txt, no_of_character_errs = 22, ground_truth_length = 55, output_length = 50, Percentage Character Errors = 40.0%
Filename = 37.out.txt, no_of_character_errs = 23, ground_truth_length = 48, output_length = 42, Percentage Character Errors = 47.9166666667%
Filename = 370.out.txt, no_of_character_errs = 8, ground_truth_length = 22, output_length = 21, Percentage Character Errors = 36.3636363636%
Filename = 371.out.txt, no_of_character_errs = 38, ground_truth_length = 38, output_length = 21, Percentage Character Errors = 100.0%
Filename = 372.out.txt, no_of_character_errs = 3, ground_truth_length = 51, output_length = 50, Percentage Character Errors = 5.88235294118%
Filename = 373.out.txt, no_of_character_errs = 8, ground_truth_length = 34, output_length = 34, Percentage Character Errors = 23.5294117647%
Filename = 374.out.txt, no_of_character_errs = 15, ground_truth_length = 55, output_length = 52, Percentage Character Errors = 27.2727272727%
Filename = 375.out.txt, no_of_character_errs = 2, ground_truth_length = 36, output_length = 37, Percentage Character Errors = 5.55555555556%
Filename = 376.out.txt, no_of_character_errs = 9, ground_truth_length = 41, output_length = 43, Percentage Character Errors = 21.9512195122%
Filename = 377.out.txt, no_of_character_errs = 10, ground_truth_length = 35, output_length = 35, Percentage Character Errors = 28.5714285714%
Filename = 378.out.txt, no_of_character_errs = 4, ground_truth_length = 37, output_length = 38, Percentage Character Errors = 10.8108108108%
Filename = 379.out.txt, no_of_character_errs = 14, ground_truth_length = 38, output_length = 36, Percentage Character Errors = 36.8421052632%
Filename = 38.out.txt, no_of_character_errs = 22, ground_truth_length = 55, output_length = 55, Percentage Character Errors = 40.0%
Filename = 380.out.txt, no_of_character_errs = 12, ground_truth_length = 50, output_length = 47, Percentage Character Errors = 24.0%
Filename = 381.out.txt, no_of_character_errs = 7, ground_truth_length = 16, output_length = 16, Percentage Character Errors = 43.75%
Filename = 382.out.txt, no_of_character_errs = 35, ground_truth_length = 87, output_length = 79, Percentage Character Errors = 40.2298850575%
Filename = 383.out.txt, no_of_character_errs = 34, ground_truth_length = 71, output_length = 51, Percentage Character Errors = 47.8873239437%
Filename = 384.out.txt, no_of_character_errs = 15, ground_truth_length = 34, output_length = 31, Percentage Character Errors = 44.1176470588%
Filename = 385.out.txt, no_of_character_errs = 11, ground_truth_length = 89, output_length = 92, Percentage Character Errors = 12.3595505618%
Filename = 386.out.txt, no_of_character_errs = 24, ground_truth_length = 54, output_length = 41, Percentage Character Errors = 44.4444444444%
Filename = 387.out.txt, no_of_character_errs = 13, ground_truth_length = 40, output_length = 32, Percentage Character Errors = 32.5%
Filename = 388.out.txt, no_of_character_errs = 17, ground_truth_length = 41, output_length = 43, Percentage Character Errors = 41.4634146341%
Filename = 389.out.txt, no_of_character_errs = 5, ground_truth_length = 17, output_length = 18, Percentage Character Errors = 29.4117647059%
Filename = 39.out.txt, no_of_character_errs = 12, ground_truth_length = 80, output_length = 81, Percentage Character Errors = 15.0%
Filename = 390.out.txt, no_of_character_errs = 23, ground_truth_length = 41, output_length = 36, Percentage Character Errors = 56.0975609756%
Filename = 391.out.txt, no_of_character_errs = 9, ground_truth_length = 39, output_length = 39, Percentage Character Errors = 23.0769230769%
Filename = 392.out.txt, no_of_character_errs = 32, ground_truth_length = 61, output_length = 48, Percentage Character Errors = 52.4590163934%
Filename = 393.out.txt, no_of_character_errs = 6, ground_truth_length = 40, output_length = 43, Percentage Character Errors = 15.0%
Filename = 394.out.txt, no_of_character_errs = 23, ground_truth_length = 38, output_length = 31, Percentage Character Errors = 60.5263157895%
Filename = 395.out.txt, no_of_character_errs = 14, ground_truth_length = 31, output_length = 28, Percentage Character Errors = 45.1612903226%
Filename = 396.out.txt, no_of_character_errs = 24, ground_truth_length = 39, output_length = 40, Percentage Character Errors = 61.5384615385%
Filename = 397.out.txt, no_of_character_errs = 23, ground_truth_length = 50, output_length = 52, Percentage Character Errors = 46.0%
Filename = 398.out.txt, no_of_character_errs = 4, ground_truth_length = 35, output_length = 37, Percentage Character Errors = 11.4285714286%
Filename = 399.out.txt, no_of_character_errs = 18, ground_truth_length = 41, output_length = 38, Percentage Character Errors = 43.9024390244%
Filename = 4.out.txt, no_of_character_errs = 9, ground_truth_length = 39, output_length = 38, Percentage Character Errors = 23.0769230769%
Filename = 40.out.txt, no_of_character_errs = 2, ground_truth_length = 8, output_length = 9, Percentage Character Errors = 25.0%
Filename = 400.out.txt, no_of_character_errs = 19, ground_truth_length = 38, output_length = 29, Percentage Character Errors = 50.0%
Filename = 401.out.txt, no_of_character_errs = 8, ground_truth_length = 38, output_length = 35, Percentage Character Errors = 21.0526315789%
Filename = 402.out.txt, no_of_character_errs = 11, ground_truth_length = 94, output_length = 90, Percentage Character Errors = 11.7021276596%
Filename = 403.out.txt, no_of_character_errs = 13, ground_truth_length = 41, output_length = 42, Percentage Character Errors = 31.7073170732%
Filename = 404.out.txt, no_of_character_errs = 6, ground_truth_length = 37, output_length = 34, Percentage Character Errors = 16.2162162162%
Filename = 405.out.txt, no_of_character_errs = 10, ground_truth_length = 14, output_length = 13, Percentage Character Errors = 71.4285714286%
Filename = 406.out.txt, no_of_character_errs = 31, ground_truth_length = 66, output_length = 58, Percentage Character Errors = 46.9696969697%
Filename = 407.out.txt, no_of_character_errs = 10, ground_truth_length = 18, output_length = 15, Percentage Character Errors = 55.5555555556%
Filename = 408.out.txt, no_of_character_errs = 18, ground_truth_length = 19, output_length = 22, Percentage Character Errors = 94.7368421053%
Filename = 409.out.txt, no_of_character_errs = 6, ground_truth_length = 36, output_length = 34, Percentage Character Errors = 16.6666666667%
Filename = 41.out.txt, no_of_character_errs = 16, ground_truth_length = 35, output_length = 32, Percentage Character Errors = 45.7142857143%
Filename = 410.out.txt, no_of_character_errs = 22, ground_truth_length = 35, output_length = 31, Percentage Character Errors = 62.8571428571%
Filename = 411.out.txt, no_of_character_errs = 20, ground_truth_length = 37, output_length = 43, Percentage Character Errors = 54.0540540541%
Filename = 412.out.txt, no_of_character_errs = 33, ground_truth_length = 70, output_length = 60, Percentage Character Errors = 47.1428571429%
Filename = 413.out.txt, no_of_character_errs = 5, ground_truth_length = 41, output_length = 41, Percentage Character Errors = 12.1951219512%
Filename = 414.out.txt, no_of_character_errs = 10, ground_truth_length = 12, output_length = 14, Percentage Character Errors = 83.3333333333%
Filename = 415.out.txt, no_of_character_errs = 8, ground_truth_length = 41, output_length = 45, Percentage Character Errors = 19.512195122%
Filename = 416.out.txt, no_of_character_errs = 3, ground_truth_length = 9, output_length = 9, Percentage Character Errors = 33.3333333333%
Filename = 417.out.txt, no_of_character_errs = 16, ground_truth_length = 41, output_length = 32, Percentage Character Errors = 39.0243902439%
Filename = 418.out.txt, no_of_character_errs = 29, ground_truth_length = 55, output_length = 44, Percentage Character Errors = 52.7272727273%
Filename = 419.out.txt, no_of_character_errs = 16, ground_truth_length = 40, output_length = 33, Percentage Character Errors = 40.0%
Filename = 42.out.txt, no_of_character_errs = 6, ground_truth_length = 40, output_length = 37, Percentage Character Errors = 15.0%
Filename = 420.out.txt, no_of_character_errs = 10, ground_truth_length = 40, output_length = 39, Percentage Character Errors = 25.0%
Filename = 421.out.txt, no_of_character_errs = 19, ground_truth_length = 36, output_length = 29, Percentage Character Errors = 52.7777777778%
Filename = 422.out.txt, no_of_character_errs = 8, ground_truth_length = 29, output_length = 31, Percentage Character Errors = 27.5862068966%
Filename = 423.out.txt, no_of_character_errs = 22, ground_truth_length = 36, output_length = 39, Percentage Character Errors = 61.1111111111%
Filename = 424.out.txt, no_of_character_errs = 4, ground_truth_length = 13, output_length = 13, Percentage Character Errors = 30.7692307692%
Filename = 425.out.txt, no_of_character_errs = 13, ground_truth_length = 32, output_length = 26, Percentage Character Errors = 40.625%
Filename = 426.out.txt, no_of_character_errs = 12, ground_truth_length = 11, output_length = 14, Percentage Character Errors = 109.090909091%
Filename = 427.out.txt, no_of_character_errs = 21, ground_truth_length = 95, output_length = 92, Percentage Character Errors = 22.1052631579%
Filename = 428.out.txt, no_of_character_errs = 3, ground_truth_length = 14, output_length = 15, Percentage Character Errors = 21.4285714286%
Filename = 429.out.txt, no_of_character_errs = 14, ground_truth_length = 42, output_length = 46, Percentage Character Errors = 33.3333333333%
Filename = 43.out.txt, no_of_character_errs = 5, ground_truth_length = 41, output_length = 39, Percentage Character Errors = 12.1951219512%
Filename = 430.out.txt, no_of_character_errs = 26, ground_truth_length = 58, output_length = 47, Percentage Character Errors = 44.8275862069%
Filename = 431.out.txt, no_of_character_errs = 12, ground_truth_length = 41, output_length = 43, Percentage Character Errors = 29.2682926829%
Filename = 432.out.txt, no_of_character_errs = 7, ground_truth_length = 13, output_length = 13, Percentage Character Errors = 53.8461538462%
Filename = 433.out.txt, no_of_character_errs = 17, ground_truth_length = 39, output_length = 35, Percentage Character Errors = 43.5897435897%
Filename = 434.out.txt, no_of_character_errs = 20, ground_truth_length = 38, output_length = 33, Percentage Character Errors = 52.6315789474%
Filename = 435.out.txt, no_of_character_errs = 7, ground_truth_length = 31, output_length = 30, Percentage Character Errors = 22.5806451613%
Filename = 436.out.txt, no_of_character_errs = 17, ground_truth_length = 29, output_length = 30, Percentage Character Errors = 58.6206896552%
Filename = 437.out.txt, no_of_character_errs = 7, ground_truth_length = 38, output_length = 41, Percentage Character Errors = 18.4210526316%
Filename = 438.out.txt, no_of_character_errs = 22, ground_truth_length = 72, output_length = 68, Percentage Character Errors = 30.5555555556%
Filename = 439.out.txt, no_of_character_errs = 16, ground_truth_length = 40, output_length = 35, Percentage Character Errors = 40.0%
Filename = 44.out.txt, no_of_character_errs = 5, ground_truth_length = 12, output_length = 15, Percentage Character Errors = 41.6666666667%
Filename = 440.out.txt, no_of_character_errs = 4, ground_truth_length = 42, output_length = 45, Percentage Character Errors = 9.52380952381%
Filename = 441.out.txt, no_of_character_errs = 12, ground_truth_length = 48, output_length = 53, Percentage Character Errors = 25.0%
Filename = 442.out.txt, no_of_character_errs = 19, ground_truth_length = 39, output_length = 27, Percentage Character Errors = 48.7179487179%
Filename = 443.out.txt, no_of_character_errs = 16, ground_truth_length = 75, output_length = 73, Percentage Character Errors = 21.3333333333%
Filename = 444.out.txt, no_of_character_errs = 4, ground_truth_length = 19, output_length = 20, Percentage Character Errors = 21.0526315789%
Filename = 445.out.txt, no_of_character_errs = 5, ground_truth_length = 67, output_length = 66, Percentage Character Errors = 7.46268656716%
Filename = 446.out.txt, no_of_character_errs = 7, ground_truth_length = 16, output_length = 19, Percentage Character Errors = 43.75%
Filename = 447.out.txt, no_of_character_errs = 3, ground_truth_length = 13, output_length = 15, Percentage Character Errors = 23.0769230769%
Filename = 448.out.txt, no_of_character_errs = 28, ground_truth_length = 48, output_length = 48, Percentage Character Errors = 58.3333333333%
Filename = 449.out.txt, no_of_character_errs = 18, ground_truth_length = 79, output_length = 79, Percentage Character Errors = 22.7848101266%
Filename = 45.out.txt, no_of_character_errs = 24, ground_truth_length = 47, output_length = 46, Percentage Character Errors = 51.0638297872%
Filename = 450.out.txt, no_of_character_errs = 17, ground_truth_length = 21, output_length = 17, Percentage Character Errors = 80.9523809524%
Filename = 451.out.txt, no_of_character_errs = 5, ground_truth_length = 7, output_length = 8, Percentage Character Errors = 71.4285714286%
Filename = 452.out.txt, no_of_character_errs = 4, ground_truth_length = 18, output_length = 18, Percentage Character Errors = 22.2222222222%
Filename = 453.out.txt, no_of_character_errs = 11, ground_truth_length = 38, output_length = 41, Percentage Character Errors = 28.9473684211%
Filename = 454.out.txt, no_of_character_errs = 8, ground_truth_length = 40, output_length = 39, Percentage Character Errors = 20.0%
Filename = 455.out.txt, no_of_character_errs = 23, ground_truth_length = 38, output_length = 35, Percentage Character Errors = 60.5263157895%
Filename = 456.out.txt, no_of_character_errs = 25, ground_truth_length = 39, output_length = 32, Percentage Character Errors = 64.1025641026%
Filename = 457.out.txt, no_of_character_errs = 30, ground_truth_length = 78, output_length = 71, Percentage Character Errors = 38.4615384615%
Filename = 458.out.txt, no_of_character_errs = 13, ground_truth_length = 26, output_length = 23, Percentage Character Errors = 50.0%
Filename = 459.out.txt, no_of_character_errs = 8, ground_truth_length = 49, output_length = 50, Percentage Character Errors = 16.3265306122%
Filename = 46.out.txt, no_of_character_errs = 39, ground_truth_length = 39, output_length = 50, Percentage Character Errors = 100.0%
Filename = 460.out.txt, no_of_character_errs = 12, ground_truth_length = 39, output_length = 37, Percentage Character Errors = 30.7692307692%
Filename = 461.out.txt, no_of_character_errs = 14, ground_truth_length = 39, output_length = 33, Percentage Character Errors = 35.8974358974%
Filename = 462.out.txt, no_of_character_errs = 21, ground_truth_length = 39, output_length = 43, Percentage Character Errors = 53.8461538462%
Filename = 463.out.txt, no_of_character_errs = 40, ground_truth_length = 40, output_length = 43, Percentage Character Errors = 100.0%
Filename = 464.out.txt, no_of_character_errs = 14, ground_truth_length = 59, output_length = 61, Percentage Character Errors = 23.7288135593%
Filename = 465.out.txt, no_of_character_errs = 7, ground_truth_length = 27, output_length = 29, Percentage Character Errors = 25.9259259259%
Filename = 466.out.txt, no_of_character_errs = 46, ground_truth_length = 89, output_length = 75, Percentage Character Errors = 51.6853932584%
Filename = 467.out.txt, no_of_character_errs = 3, ground_truth_length = 35, output_length = 35, Percentage Character Errors = 8.57142857143%
Filename = 468.out.txt, no_of_character_errs = 39, ground_truth_length = 39, output_length = 35, Percentage Character Errors = 100.0%
Filename = 469.out.txt, no_of_character_errs = 31, ground_truth_length = 96, output_length = 91, Percentage Character Errors = 32.2916666667%
Filename = 47.out.txt, no_of_character_errs = 36, ground_truth_length = 76, output_length = 58, Percentage Character Errors = 47.3684210526%
Filename = 470.out.txt, no_of_character_errs = 28, ground_truth_length = 28, output_length = 58, Percentage Character Errors = 100.0%
Filename = 471.out.txt, no_of_character_errs = 19, ground_truth_length = 36, output_length = 28, Percentage Character Errors = 52.7777777778%
Filename = 472.out.txt, no_of_character_errs = 12, ground_truth_length = 57, output_length = 54, Percentage Character Errors = 21.0526315789%
Filename = 473.out.txt, no_of_character_errs = 17, ground_truth_length = 38, output_length = 38, Percentage Character Errors = 44.7368421053%
Filename = 474.out.txt, no_of_character_errs = 6, ground_truth_length = 38, output_length = 38, Percentage Character Errors = 15.7894736842%
Filename = 475.out.txt, no_of_character_errs = 33, ground_truth_length = 65, output_length = 53, Percentage Character Errors = 50.7692307692%
Filename = 476.out.txt, no_of_character_errs = 3, ground_truth_length = 37, output_length = 39, Percentage Character Errors = 8.10810810811%
Filename = 477.out.txt, no_of_character_errs = 6, ground_truth_length = 39, output_length = 39, Percentage Character Errors = 15.3846153846%
Filename = 478.out.txt, no_of_character_errs = 12, ground_truth_length = 61, output_length = 60, Percentage Character Errors = 19.6721311475%
Filename = 479.out.txt, no_of_character_errs = 22, ground_truth_length = 40, output_length = 32, Percentage Character Errors = 55.0%
Filename = 48.out.txt, no_of_character_errs = 17, ground_truth_length = 37, output_length = 28, Percentage Character Errors = 45.9459459459%
Filename = 480.out.txt, no_of_character_errs = 18, ground_truth_length = 41, output_length = 37, Percentage Character Errors = 43.9024390244%
Filename = 481.out.txt, no_of_character_errs = 19, ground_truth_length = 50, output_length = 40, Percentage Character Errors = 38.0%
Filename = 482.out.txt, no_of_character_errs = 5, ground_truth_length = 30, output_length = 31, Percentage Character Errors = 16.6666666667%
Filename = 483.out.txt, no_of_character_errs = 10, ground_truth_length = 44, output_length = 39, Percentage Character Errors = 22.7272727273%
Filename = 484.out.txt, no_of_character_errs = 15, ground_truth_length = 38, output_length = 31, Percentage Character Errors = 39.4736842105%
Filename = 485.out.txt, no_of_character_errs = 3, ground_truth_length = 17, output_length = 17, Percentage Character Errors = 17.6470588235%
Filename = 486.out.txt, no_of_character_errs = 16, ground_truth_length = 32, output_length = 31, Percentage Character Errors = 50.0%
Filename = 487.out.txt, no_of_character_errs = 14, ground_truth_length = 33, output_length = 35, Percentage Character Errors = 42.4242424242%
Filename = 488.out.txt, no_of_character_errs = 19, ground_truth_length = 39, output_length = 37, Percentage Character Errors = 48.7179487179%
Filename = 489.out.txt, no_of_character_errs = 13, ground_truth_length = 92, output_length = 91, Percentage Character Errors = 14.1304347826%
Filename = 49.out.txt, no_of_character_errs = 20, ground_truth_length = 50, output_length = 51, Percentage Character Errors = 40.0%
Filename = 490.out.txt, no_of_character_errs = 18, ground_truth_length = 30, output_length = 18, Percentage Character Errors = 60.0%
Filename = 491.out.txt, no_of_character_errs = 9, ground_truth_length = 34, output_length = 32, Percentage Character Errors = 26.4705882353%
Filename = 492.out.txt, no_of_character_errs = 19, ground_truth_length = 40, output_length = 37, Percentage Character Errors = 47.5%
Filename = 493.out.txt, no_of_character_errs = 9, ground_truth_length = 19, output_length = 21, Percentage Character Errors = 47.3684210526%
Filename = 494.out.txt, no_of_character_errs = 5, ground_truth_length = 10, output_length = 9, Percentage Character Errors = 50.0%
Filename = 495.out.txt, no_of_character_errs = 5, ground_truth_length = 39, output_length = 39, Percentage Character Errors = 12.8205128205%
Filename = 496.out.txt, no_of_character_errs = 21, ground_truth_length = 36, output_length = 33, Percentage Character Errors = 58.3333333333%
Filename = 497.out.txt, no_of_character_errs = 11, ground_truth_length = 41, output_length = 43, Percentage Character Errors = 26.8292682927%
Filename = 498.out.txt, no_of_character_errs = 15, ground_truth_length = 36, output_length = 28, Percentage Character Errors = 41.6666666667%
Filename = 499.out.txt, no_of_character_errs = 38, ground_truth_length = 72, output_length = 63, Percentage Character Errors = 52.7777777778%
Filename = 5.out.txt, no_of_character_errs = 10, ground_truth_length = 38, output_length = 38, Percentage Character Errors = 26.3157894737%
Filename = 50.out.txt, no_of_character_errs = 10, ground_truth_length = 39, output_length = 32, Percentage Character Errors = 25.641025641%
Filename = 500.out.txt, no_of_character_errs = 37, ground_truth_length = 83, output_length = 72, Percentage Character Errors = 44.578313253%
Filename = 501.out.txt, no_of_character_errs = 20, ground_truth_length = 36, output_length = 29, Percentage Character Errors = 55.5555555556%
Filename = 502.out.txt, no_of_character_errs = 3, ground_truth_length = 2, output_length = 3, Percentage Character Errors = 150.0%
Filename = 503.out.txt, no_of_character_errs = 17, ground_truth_length = 42, output_length = 40, Percentage Character Errors = 40.4761904762%
Filename = 504.out.txt, no_of_character_errs = 20, ground_truth_length = 70, output_length = 72, Percentage Character Errors = 28.5714285714%
Filename = 505.out.txt, no_of_character_errs = 16, ground_truth_length = 72, output_length = 65, Percentage Character Errors = 22.2222222222%
Filename = 506.out.txt, no_of_character_errs = 22, ground_truth_length = 54, output_length = 47, Percentage Character Errors = 40.7407407407%
Filename = 507.out.txt, no_of_character_errs = 11, ground_truth_length = 36, output_length = 31, Percentage Character Errors = 30.5555555556%
Filename = 508.out.txt, no_of_character_errs = 15, ground_truth_length = 29, output_length = 24, Percentage Character Errors = 51.724137931%
Filename = 509.out.txt, no_of_character_errs = 18, ground_truth_length = 32, output_length = 30, Percentage Character Errors = 56.25%
Filename = 51.out.txt, no_of_character_errs = 40, ground_truth_length = 40, output_length = 30, Percentage Character Errors = 100.0%
Filename = 510.out.txt, no_of_character_errs = 24, ground_truth_length = 60, output_length = 54, Percentage Character Errors = 40.0%
Filename = 511.out.txt, no_of_character_errs = 15, ground_truth_length = 55, output_length = 53, Percentage Character Errors = 27.2727272727%
Filename = 512.out.txt, no_of_character_errs = 16, ground_truth_length = 36, output_length = 37, Percentage Character Errors = 44.4444444444%
Filename = 513.out.txt, no_of_character_errs = 19, ground_truth_length = 39, output_length = 32, Percentage Character Errors = 48.7179487179%
Filename = 514.out.txt, no_of_character_errs = 5, ground_truth_length = 23, output_length = 21, Percentage Character Errors = 21.7391304348%
Filename = 515.out.txt, no_of_character_errs = 16, ground_truth_length = 14, output_length = 24, Percentage Character Errors = 114.285714286%
Filename = 516.out.txt, no_of_character_errs = 9, ground_truth_length = 27, output_length = 26, Percentage Character Errors = 33.3333333333%
Filename = 517.out.txt, no_of_character_errs = 19, ground_truth_length = 41, output_length = 35, Percentage Character Errors = 46.3414634146%
Filename = 518.out.txt, no_of_character_errs = 12, ground_truth_length = 53, output_length = 51, Percentage Character Errors = 22.641509434%
Filename = 519.out.txt, no_of_character_errs = 21, ground_truth_length = 71, output_length = 70, Percentage Character Errors = 29.5774647887%
Filename = 52.out.txt, no_of_character_errs = 19, ground_truth_length = 37, output_length = 39, Percentage Character Errors = 51.3513513514%
Filename = 520.out.txt, no_of_character_errs = 17, ground_truth_length = 58, output_length = 60, Percentage Character Errors = 29.3103448276%
Filename = 521.out.txt, no_of_character_errs = 14, ground_truth_length = 73, output_length = 66, Percentage Character Errors = 19.1780821918%
Filename = 522.out.txt, no_of_character_errs = 12, ground_truth_length = 31, output_length = 30, Percentage Character Errors = 38.7096774194%
Filename = 523.out.txt, no_of_character_errs = 9, ground_truth_length = 27, output_length = 27, Percentage Character Errors = 33.3333333333%
Filename = 524.out.txt, no_of_character_errs = 17, ground_truth_length = 41, output_length = 34, Percentage Character Errors = 41.4634146341%
Filename = 525.out.txt, no_of_character_errs = 6, ground_truth_length = 40, output_length = 38, Percentage Character Errors = 15.0%
Filename = 526.out.txt, no_of_character_errs = 10, ground_truth_length = 21, output_length = 20, Percentage Character Errors = 47.619047619%
Filename = 527.out.txt, no_of_character_errs = 19, ground_truth_length = 50, output_length = 41, Percentage Character Errors = 38.0%
Filename = 528.out.txt, no_of_character_errs = 32, ground_truth_length = 86, output_length = 76, Percentage Character Errors = 37.2093023256%
Filename = 529.out.txt, no_of_character_errs = 21, ground_truth_length = 37, output_length = 34, Percentage Character Errors = 56.7567567568%
Filename = 53.out.txt, no_of_character_errs = 17, ground_truth_length = 39, output_length = 32, Percentage Character Errors = 43.5897435897%
Filename = 530.out.txt, no_of_character_errs = 15, ground_truth_length = 83, output_length = 83, Percentage Character Errors = 18.0722891566%
Filename = 531.out.txt, no_of_character_errs = 30, ground_truth_length = 79, output_length = 70, Percentage Character Errors = 37.9746835443%
Filename = 532.out.txt, no_of_character_errs = 81, ground_truth_length = 81, output_length = 70, Percentage Character Errors = 100.0%
Filename = 533.out.txt, no_of_character_errs = 2, ground_truth_length = 3, output_length = 2, Percentage Character Errors = 66.6666666667%
Filename = 534.out.txt, no_of_character_errs = 4, ground_truth_length = 6, output_length = 4, Percentage Character Errors = 66.6666666667%
Filename = 535.out.txt, no_of_character_errs = 14, ground_truth_length = 30, output_length = 27, Percentage Character Errors = 46.6666666667%
Filename = 536.out.txt, no_of_character_errs = 7, ground_truth_length = 30, output_length = 28, Percentage Character Errors = 23.3333333333%
Filename = 537.out.txt, no_of_character_errs = 18, ground_truth_length = 45, output_length = 36, Percentage Character Errors = 40.0%
Filename = 538.out.txt, no_of_character_errs = 10, ground_truth_length = 41, output_length = 39, Percentage Character Errors = 24.3902439024%
Filename = 539.out.txt, no_of_character_errs = 11, ground_truth_length = 41, output_length = 35, Percentage Character Errors = 26.8292682927%
Filename = 54.out.txt, no_of_character_errs = 26, ground_truth_length = 59, output_length = 48, Percentage Character Errors = 44.0677966102%
Filename = 540.out.txt, no_of_character_errs = 23, ground_truth_length = 40, output_length = 43, Percentage Character Errors = 57.5%
Filename = 541.out.txt, no_of_character_errs = 4, ground_truth_length = 15, output_length = 15, Percentage Character Errors = 26.6666666667%
Filename = 542.out.txt, no_of_character_errs = 39, ground_truth_length = 39, output_length = 15, Percentage Character Errors = 100.0%
Filename = 543.out.txt, no_of_character_errs = 40, ground_truth_length = 40, output_length = 15, Percentage Character Errors = 100.0%
Filename = 544.out.txt, no_of_character_errs = 12, ground_truth_length = 19, output_length = 22, Percentage Character Errors = 63.1578947368%
Filename = 545.out.txt, no_of_character_errs = 20, ground_truth_length = 35, output_length = 20, Percentage Character Errors = 57.1428571429%
Filename = 546.out.txt, no_of_character_errs = 21, ground_truth_length = 31, output_length = 20, Percentage Character Errors = 67.7419354839%
Filename = 547.out.txt, no_of_character_errs = 20, ground_truth_length = 91, output_length = 93, Percentage Character Errors = 21.978021978%
Filename = 548.out.txt, no_of_character_errs = 20, ground_truth_length = 53, output_length = 43, Percentage Character Errors = 37.7358490566%
Filename = 549.out.txt, no_of_character_errs = 12, ground_truth_length = 41, output_length = 38, Percentage Character Errors = 29.2682926829%
Filename = 55.out.txt, no_of_character_errs = 31, ground_truth_length = 57, output_length = 49, Percentage Character Errors = 54.3859649123%
Filename = 550.out.txt, no_of_character_errs = 19, ground_truth_length = 41, output_length = 36, Percentage Character Errors = 46.3414634146%
Filename = 551.out.txt, no_of_character_errs = 16, ground_truth_length = 41, output_length = 30, Percentage Character Errors = 39.0243902439%
Filename = 552.out.txt, no_of_character_errs = 12, ground_truth_length = 38, output_length = 35, Percentage Character Errors = 31.5789473684%
Filename = 553.out.txt, no_of_character_errs = 99, ground_truth_length = 99, output_length = 35, Percentage Character Errors = 100.0%
Filename = 554.out.txt, no_of_character_errs = 36, ground_truth_length = 100, output_length = 88, Percentage Character Errors = 36.0%
Filename = 555.out.txt, no_of_character_errs = 16, ground_truth_length = 85, output_length = 84, Percentage Character Errors = 18.8235294118%
Filename = 556.out.txt, no_of_character_errs = 9, ground_truth_length = 9, output_length = 11, Percentage Character Errors = 100.0%
Filename = 557.out.txt, no_of_character_errs = 14, ground_truth_length = 41, output_length = 35, Percentage Character Errors = 34.1463414634%
Filename = 558.out.txt, no_of_character_errs = 34, ground_truth_length = 75, output_length = 67, Percentage Character Errors = 45.3333333333%
Filename = 559.out.txt, no_of_character_errs = 18, ground_truth_length = 39, output_length = 34, Percentage Character Errors = 46.1538461538%
Filename = 56.out.txt, no_of_character_errs = 18, ground_truth_length = 36, output_length = 33, Percentage Character Errors = 50.0%
Filename = 560.out.txt, no_of_character_errs = 39, ground_truth_length = 39, output_length = 33, Percentage Character Errors = 100.0%
Filename = 561.out.txt, no_of_character_errs = 13, ground_truth_length = 39, output_length = 38, Percentage Character Errors = 33.3333333333%
Filename = 562.out.txt, no_of_character_errs = 22, ground_truth_length = 41, output_length = 34, Percentage Character Errors = 53.6585365854%
Filename = 563.out.txt, no_of_character_errs = 17, ground_truth_length = 40, output_length = 39, Percentage Character Errors = 42.5%
Filename = 564.out.txt, no_of_character_errs = 17, ground_truth_length = 39, output_length = 30, Percentage Character Errors = 43.5897435897%
Filename = 565.out.txt, no_of_character_errs = 13, ground_truth_length = 31, output_length = 33, Percentage Character Errors = 41.935483871%
Filename = 566.out.txt, no_of_character_errs = 13, ground_truth_length = 40, output_length = 38, Percentage Character Errors = 32.5%
Filename = 567.out.txt, no_of_character_errs = 10, ground_truth_length = 9, output_length = 12, Percentage Character Errors = 111.111111111%
Filename = 568.out.txt, no_of_character_errs = 10, ground_truth_length = 38, output_length = 38, Percentage Character Errors = 26.3157894737%
Filename = 569.out.txt, no_of_character_errs = 22, ground_truth_length = 41, output_length = 35, Percentage Character Errors = 53.6585365854%
Filename = 57.out.txt, no_of_character_errs = 17, ground_truth_length = 22, output_length = 23, Percentage Character Errors = 77.2727272727%
Filename = 570.out.txt, no_of_character_errs = 10, ground_truth_length = 40, output_length = 40, Percentage Character Errors = 25.0%
Filename = 571.out.txt, no_of_character_errs = 16, ground_truth_length = 39, output_length = 34, Percentage Character Errors = 41.0256410256%
Filename = 572.out.txt, no_of_character_errs = 10, ground_truth_length = 37, output_length = 35, Percentage Character Errors = 27.027027027%
Filename = 573.out.txt, no_of_character_errs = 4, ground_truth_length = 17, output_length = 14, Percentage Character Errors = 23.5294117647%
Filename = 574.out.txt, no_of_character_errs = 10, ground_truth_length = 41, output_length = 38, Percentage Character Errors = 24.3902439024%
Filename = 575.out.txt, no_of_character_errs = 15, ground_truth_length = 39, output_length = 30, Percentage Character Errors = 38.4615384615%
Filename = 576.out.txt, no_of_character_errs = 34, ground_truth_length = 71, output_length = 50, Percentage Character Errors = 47.8873239437%
Filename = 577.out.txt, no_of_character_errs = 7, ground_truth_length = 37, output_length = 33, Percentage Character Errors = 18.9189189189%
Filename = 578.out.txt, no_of_character_errs = 7, ground_truth_length = 9, output_length = 9, Percentage Character Errors = 77.7777777778%
Filename = 579.out.txt, no_of_character_errs = 19, ground_truth_length = 52, output_length = 53, Percentage Character Errors = 36.5384615385%
Filename = 58.out.txt, no_of_character_errs = 19, ground_truth_length = 38, output_length = 36, Percentage Character Errors = 50.0%
Filename = 580.out.txt, no_of_character_errs = 17, ground_truth_length = 37, output_length = 35, Percentage Character Errors = 45.9459459459%
Filename = 581.out.txt, no_of_character_errs = 16, ground_truth_length = 31, output_length = 27, Percentage Character Errors = 51.6129032258%
Filename = 582.out.txt, no_of_character_errs = 13, ground_truth_length = 37, output_length = 37, Percentage Character Errors = 35.1351351351%
Filename = 583.out.txt, no_of_character_errs = 18, ground_truth_length = 40, output_length = 31, Percentage Character Errors = 45.0%
Filename = 584.out.txt, no_of_character_errs = 13, ground_truth_length = 78, output_length = 77, Percentage Character Errors = 16.6666666667%
Filename = 585.out.txt, no_of_character_errs = 8, ground_truth_length = 36, output_length = 35, Percentage Character Errors = 22.2222222222%
Filename = 586.out.txt, no_of_character_errs = 8, ground_truth_length = 39, output_length = 36, Percentage Character Errors = 20.5128205128%
Filename = 587.out.txt, no_of_character_errs = 8, ground_truth_length = 11, output_length = 10, Percentage Character Errors = 72.7272727273%
Filename = 588.out.txt, no_of_character_errs = 35, ground_truth_length = 84, output_length = 68, Percentage Character Errors = 41.6666666667%
Filename = 589.out.txt, no_of_character_errs = 30, ground_truth_length = 103, output_length = 98, Percentage Character Errors = 29.1262135922%
Filename = 59.out.txt, no_of_character_errs = 4, ground_truth_length = 13, output_length = 11, Percentage Character Errors = 30.7692307692%
Filename = 590.out.txt, no_of_character_errs = 20, ground_truth_length = 37, output_length = 27, Percentage Character Errors = 54.0540540541%
Filename = 591.out.txt, no_of_character_errs = 13, ground_truth_length = 38, output_length = 41, Percentage Character Errors = 34.2105263158%
Filename = 592.out.txt, no_of_character_errs = 16, ground_truth_length = 55, output_length = 53, Percentage Character Errors = 29.0909090909%
Filename = 593.out.txt, no_of_character_errs = 10, ground_truth_length = 41, output_length = 39, Percentage Character Errors = 24.3902439024%
Filename = 594.out.txt, no_of_character_errs = 27, ground_truth_length = 59, output_length = 51, Percentage Character Errors = 45.7627118644%
Filename = 595.out.txt, no_of_character_errs = 12, ground_truth_length = 18, output_length = 19, Percentage Character Errors = 66.6666666667%
Filename = 596.out.txt, no_of_character_errs = 7, ground_truth_length = 10, output_length = 9, Percentage Character Errors = 70.0%
Filename = 597.out.txt, no_of_character_errs = 4, ground_truth_length = 12, output_length = 14, Percentage Character Errors = 33.3333333333%
Filename = 598.out.txt, no_of_character_errs = 6, ground_truth_length = 21, output_length = 18, Percentage Character Errors = 28.5714285714%
Filename = 599.out.txt, no_of_character_errs = 2, ground_truth_length = 9, output_length = 10, Percentage Character Errors = 22.2222222222%
Filename = 6.out.txt, no_of_character_errs = 13, ground_truth_length = 35, output_length = 37, Percentage Character Errors = 37.1428571429%
Filename = 60.out.txt, no_of_character_errs = 21, ground_truth_length = 40, output_length = 35, Percentage Character Errors = 52.5%
Filename = 600.out.txt, no_of_character_errs = 14, ground_truth_length = 22, output_length = 18, Percentage Character Errors = 63.6363636364%
Filename = 601.out.txt, no_of_character_errs = 19, ground_truth_length = 37, output_length = 34, Percentage Character Errors = 51.3513513514%
Filename = 602.out.txt, no_of_character_errs = 37, ground_truth_length = 82, output_length = 71, Percentage Character Errors = 45.1219512195%
Filename = 603.out.txt, no_of_character_errs = 17, ground_truth_length = 39, output_length = 35, Percentage Character Errors = 43.5897435897%
Filename = 604.out.txt, no_of_character_errs = 24, ground_truth_length = 73, output_length = 60, Percentage Character Errors = 32.8767123288%
Filename = 605.out.txt, no_of_character_errs = 6, ground_truth_length = 40, output_length = 39, Percentage Character Errors = 15.0%
Filename = 606.out.txt, no_of_character_errs = 26, ground_truth_length = 63, output_length = 53, Percentage Character Errors = 41.2698412698%
Filename = 607.out.txt, no_of_character_errs = 15, ground_truth_length = 41, output_length = 46, Percentage Character Errors = 36.5853658537%
Filename = 608.out.txt, no_of_character_errs = 13, ground_truth_length = 36, output_length = 35, Percentage Character Errors = 36.1111111111%
Filename = 609.out.txt, no_of_character_errs = 8, ground_truth_length = 11, output_length = 12, Percentage Character Errors = 72.7272727273%
Filename = 61.out.txt, no_of_character_errs = 5, ground_truth_length = 38, output_length = 35, Percentage Character Errors = 13.1578947368%
Filename = 610.out.txt, no_of_character_errs = 16, ground_truth_length = 39, output_length = 30, Percentage Character Errors = 41.0256410256%
Filename = 611.out.txt, no_of_character_errs = 11, ground_truth_length = 44, output_length = 45, Percentage Character Errors = 25.0%
Filename = 612.out.txt, no_of_character_errs = 32, ground_truth_length = 62, output_length = 47, Percentage Character Errors = 51.6129032258%
Filename = 613.out.txt, no_of_character_errs = 8, ground_truth_length = 28, output_length = 26, Percentage Character Errors = 28.5714285714%
Filename = 614.out.txt, no_of_character_errs = 24, ground_truth_length = 54, output_length = 49, Percentage Character Errors = 44.4444444444%
Filename = 615.out.txt, no_of_character_errs = 10, ground_truth_length = 39, output_length = 39, Percentage Character Errors = 25.641025641%
Filename = 616.out.txt, no_of_character_errs = 21, ground_truth_length = 40, output_length = 40, Percentage Character Errors = 52.5%
Filename = 617.out.txt, no_of_character_errs = 37, ground_truth_length = 104, output_length = 87, Percentage Character Errors = 35.5769230769%
Filename = 618.out.txt, no_of_character_errs = 13, ground_truth_length = 18, output_length = 20, Percentage Character Errors = 72.2222222222%
Filename = 619.out.txt, no_of_character_errs = 21, ground_truth_length = 70, output_length = 71, Percentage Character Errors = 30.0%
Filename = 62.out.txt, no_of_character_errs = 20, ground_truth_length = 41, output_length = 33, Percentage Character Errors = 48.7804878049%
Filename = 620.out.txt, no_of_character_errs = 22, ground_truth_length = 38, output_length = 27, Percentage Character Errors = 57.8947368421%
Filename = 621.out.txt, no_of_character_errs = 14, ground_truth_length = 38, output_length = 29, Percentage Character Errors = 36.8421052632%
Filename = 622.out.txt, no_of_character_errs = 33, ground_truth_length = 67, output_length = 56, Percentage Character Errors = 49.2537313433%
Filename = 623.out.txt, no_of_character_errs = 26, ground_truth_length = 66, output_length = 57, Percentage Character Errors = 39.3939393939%
Filename = 624.out.txt, no_of_character_errs = 14, ground_truth_length = 39, output_length = 36, Percentage Character Errors = 35.8974358974%
Filename = 625.out.txt, no_of_character_errs = 8, ground_truth_length = 21, output_length = 20, Percentage Character Errors = 38.0952380952%
Filename = 626.out.txt, no_of_character_errs = 19, ground_truth_length = 82, output_length = 89, Percentage Character Errors = 23.1707317073%
Filename = 627.out.txt, no_of_character_errs = 33, ground_truth_length = 80, output_length = 70, Percentage Character Errors = 41.25%
Filename = 628.out.txt, no_of_character_errs = 14, ground_truth_length = 38, output_length = 35, Percentage Character Errors = 36.8421052632%
Filename = 629.out.txt, no_of_character_errs = 26, ground_truth_length = 41, output_length = 28, Percentage Character Errors = 63.4146341463%
Filename = 63.out.txt, no_of_character_errs = 19, ground_truth_length = 53, output_length = 41, Percentage Character Errors = 35.8490566038%
Filename = 630.out.txt, no_of_character_errs = 23, ground_truth_length = 40, output_length = 29, Percentage Character Errors = 57.5%
Filename = 631.out.txt, no_of_character_errs = 13, ground_truth_length = 46, output_length = 39, Percentage Character Errors = 28.2608695652%
Filename = 632.out.txt, no_of_character_errs = 31, ground_truth_length = 68, output_length = 52, Percentage Character Errors = 45.5882352941%
Filename = 633.out.txt, no_of_character_errs = 9, ground_truth_length = 24, output_length = 21, Percentage Character Errors = 37.5%
Filename = 634.out.txt, no_of_character_errs = 6, ground_truth_length = 14, output_length = 12, Percentage Character Errors = 42.8571428571%
Filename = 635.out.txt, no_of_character_errs = 8, ground_truth_length = 38, output_length = 36, Percentage Character Errors = 21.0526315789%
Filename = 636.out.txt, no_of_character_errs = 23, ground_truth_length = 68, output_length = 54, Percentage Character Errors = 33.8235294118%
Filename = 637.out.txt, no_of_character_errs = 19, ground_truth_length = 40, output_length = 40, Percentage Character Errors = 47.5%
Filename = 638.out.txt, no_of_character_errs = 17, ground_truth_length = 40, output_length = 40, Percentage Character Errors = 42.5%
Filename = 639.out.txt, no_of_character_errs = 19, ground_truth_length = 38, output_length = 33, Percentage Character Errors = 50.0%
Filename = 64.out.txt, no_of_character_errs = 7, ground_truth_length = 16, output_length = 20, Percentage Character Errors = 43.75%
Filename = 640.out.txt, no_of_character_errs = 24, ground_truth_length = 70, output_length = 57, Percentage Character Errors = 34.2857142857%
Filename = 641.out.txt, no_of_character_errs = 9, ground_truth_length = 50, output_length = 47, Percentage Character Errors = 18.0%
Filename = 642.out.txt, no_of_character_errs = 12, ground_truth_length = 22, output_length = 24, Percentage Character Errors = 54.5454545455%
Filename = 643.out.txt, no_of_character_errs = 11, ground_truth_length = 43, output_length = 48, Percentage Character Errors = 25.5813953488%
Filename = 644.out.txt, no_of_character_errs = 13, ground_truth_length = 64, output_length = 57, Percentage Character Errors = 20.3125%
Filename = 645.out.txt, no_of_character_errs = 8, ground_truth_length = 37, output_length = 39, Percentage Character Errors = 21.6216216216%
Filename = 646.out.txt, no_of_character_errs = 21, ground_truth_length = 36, output_length = 24, Percentage Character Errors = 58.3333333333%
Filename = 647.out.txt, no_of_character_errs = 8, ground_truth_length = 14, output_length = 18, Percentage Character Errors = 57.1428571429%
Filename = 648.out.txt, no_of_character_errs = 12, ground_truth_length = 37, output_length = 37, Percentage Character Errors = 32.4324324324%
Filename = 649.out.txt, no_of_character_errs = 16, ground_truth_length = 51, output_length = 43, Percentage Character Errors = 31.3725490196%
Filename = 65.out.txt, no_of_character_errs = 44, ground_truth_length = 87, output_length = 86, Percentage Character Errors = 50.5747126437%
Filename = 650.out.txt, no_of_character_errs = 7, ground_truth_length = 14, output_length = 12, Percentage Character Errors = 50.0%
Filename = 651.out.txt, no_of_character_errs = 26, ground_truth_length = 71, output_length = 63, Percentage Character Errors = 36.6197183099%
Filename = 652.out.txt, no_of_character_errs = 13, ground_truth_length = 38, output_length = 43, Percentage Character Errors = 34.2105263158%
Filename = 653.out.txt, no_of_character_errs = 18, ground_truth_length = 42, output_length = 34, Percentage Character Errors = 42.8571428571%
Filename = 654.out.txt, no_of_character_errs = 15, ground_truth_length = 41, output_length = 40, Percentage Character Errors = 36.5853658537%
Filename = 655.out.txt, no_of_character_errs = 10, ground_truth_length = 30, output_length = 36, Percentage Character Errors = 33.3333333333%
Filename = 656.out.txt, no_of_character_errs = 7, ground_truth_length = 26, output_length = 28, Percentage Character Errors = 26.9230769231%
Filename = 657.out.txt, no_of_character_errs = 8, ground_truth_length = 15, output_length = 16, Percentage Character Errors = 53.3333333333%
Filename = 658.out.txt, no_of_character_errs = 14, ground_truth_length = 40, output_length = 46, Percentage Character Errors = 35.0%
Filename = 659.out.txt, no_of_character_errs = 2, ground_truth_length = 14, output_length = 13, Percentage Character Errors = 14.2857142857%
Filename = 66.out.txt, no_of_character_errs = 11, ground_truth_length = 65, output_length = 70, Percentage Character Errors = 16.9230769231%
Filename = 660.out.txt, no_of_character_errs = 8, ground_truth_length = 41, output_length = 42, Percentage Character Errors = 19.512195122%
Filename = 661.out.txt, no_of_character_errs = 16, ground_truth_length = 40, output_length = 34, Percentage Character Errors = 40.0%
Filename = 662.out.txt, no_of_character_errs = 17, ground_truth_length = 41, output_length = 33, Percentage Character Errors = 41.4634146341%
Filename = 663.out.txt, no_of_character_errs = 20, ground_truth_length = 39, output_length = 31, Percentage Character Errors = 51.2820512821%
Filename = 664.out.txt, no_of_character_errs = 18, ground_truth_length = 45, output_length = 39, Percentage Character Errors = 40.0%
Filename = 665.out.txt, no_of_character_errs = 10, ground_truth_length = 25, output_length = 23, Percentage Character Errors = 40.0%
Filename = 666.out.txt, no_of_character_errs = 17, ground_truth_length = 34, output_length = 30, Percentage Character Errors = 50.0%
Filename = 667.out.txt, no_of_character_errs = 19, ground_truth_length = 42, output_length = 40, Percentage Character Errors = 45.2380952381%
Filename = 668.out.txt, no_of_character_errs = 12, ground_truth_length = 37, output_length = 33, Percentage Character Errors = 32.4324324324%
Filename = 669.out.txt, no_of_character_errs = 18, ground_truth_length = 37, output_length = 36, Percentage Character Errors = 48.6486486486%
Filename = 67.out.txt, no_of_character_errs = 6, ground_truth_length = 39, output_length = 39, Percentage Character Errors = 15.3846153846%
Filename = 670.out.txt, no_of_character_errs = 22, ground_truth_length = 57, output_length = 55, Percentage Character Errors = 38.5964912281%
Filename = 671.out.txt, no_of_character_errs = 9, ground_truth_length = 14, output_length = 12, Percentage Character Errors = 64.2857142857%
Filename = 672.out.txt, no_of_character_errs = 16, ground_truth_length = 69, output_length = 66, Percentage Character Errors = 23.1884057971%
Filename = 673.out.txt, no_of_character_errs = 16, ground_truth_length = 37, output_length = 33, Percentage Character Errors = 43.2432432432%
Filename = 674.out.txt, no_of_character_errs = 10, ground_truth_length = 37, output_length = 33, Percentage Character Errors = 27.027027027%
Filename = 675.out.txt, no_of_character_errs = 21, ground_truth_length = 71, output_length = 77, Percentage Character Errors = 29.5774647887%
Filename = 676.out.txt, no_of_character_errs = 15, ground_truth_length = 41, output_length = 38, Percentage Character Errors = 36.5853658537%
Filename = 677.out.txt, no_of_character_errs = 29, ground_truth_length = 68, output_length = 58, Percentage Character Errors = 42.6470588235%
Filename = 678.out.txt, no_of_character_errs = 18, ground_truth_length = 42, output_length = 35, Percentage Character Errors = 42.8571428571%
Filename = 679.out.txt, no_of_character_errs = 14, ground_truth_length = 39, output_length = 35, Percentage Character Errors = 35.8974358974%
Filename = 68.out.txt, no_of_character_errs = 6, ground_truth_length = 54, output_length = 55, Percentage Character Errors = 11.1111111111%
Filename = 680.out.txt, no_of_character_errs = 17, ground_truth_length = 40, output_length = 38, Percentage Character Errors = 42.5%
Filename = 681.out.txt, no_of_character_errs = 17, ground_truth_length = 66, output_length = 67, Percentage Character Errors = 25.7575757576%
Filename = 682.out.txt, no_of_character_errs = 11, ground_truth_length = 35, output_length = 36, Percentage Character Errors = 31.4285714286%
Filename = 683.out.txt, no_of_character_errs = 29, ground_truth_length = 55, output_length = 45, Percentage Character Errors = 52.7272727273%
Filename = 684.out.txt, no_of_character_errs = 24, ground_truth_length = 78, output_length = 68, Percentage Character Errors = 30.7692307692%
Filename = 685.out.txt, no_of_character_errs = 15, ground_truth_length = 37, output_length = 36, Percentage Character Errors = 40.5405405405%
Filename = 686.out.txt, no_of_character_errs = 9, ground_truth_length = 35, output_length = 30, Percentage Character Errors = 25.7142857143%
Filename = 687.out.txt, no_of_character_errs = 17, ground_truth_length = 76, output_length = 68, Percentage Character Errors = 22.3684210526%
Filename = 688.out.txt, no_of_character_errs = 13, ground_truth_length = 38, output_length = 45, Percentage Character Errors = 34.2105263158%
Filename = 689.out.txt, no_of_character_errs = 21, ground_truth_length = 40, output_length = 28, Percentage Character Errors = 52.5%
Filename = 69.out.txt, no_of_character_errs = 42, ground_truth_length = 102, output_length = 90, Percentage Character Errors = 41.1764705882%
Filename = 690.out.txt, no_of_character_errs = 31, ground_truth_length = 78, output_length = 74, Percentage Character Errors = 39.7435897436%
Filename = 691.out.txt, no_of_character_errs = 20, ground_truth_length = 41, output_length = 40, Percentage Character Errors = 48.7804878049%
Filename = 692.out.txt, no_of_character_errs = 58, ground_truth_length = 58, output_length = 40, Percentage Character Errors = 100.0%
Filename = 693.out.txt, no_of_character_errs = 38, ground_truth_length = 38, output_length = 40, Percentage Character Errors = 100.0%
Filename = 694.out.txt, no_of_character_errs = 15, ground_truth_length = 74, output_length = 66, Percentage Character Errors = 20.2702702703%
Filename = 695.out.txt, no_of_character_errs = 8, ground_truth_length = 40, output_length = 36, Percentage Character Errors = 20.0%
Filename = 696.out.txt, no_of_character_errs = 10, ground_truth_length = 13, output_length = 12, Percentage Character Errors = 76.9230769231%
Filename = 697.out.txt, no_of_character_errs = 19, ground_truth_length = 42, output_length = 34, Percentage Character Errors = 45.2380952381%
Filename = 698.out.txt, no_of_character_errs = 15, ground_truth_length = 39, output_length = 37, Percentage Character Errors = 38.4615384615%
Filename = 699.out.txt, no_of_character_errs = 24, ground_truth_length = 53, output_length = 44, Percentage Character Errors = 45.2830188679%
Filename = 7.out.txt, no_of_character_errs = 82, ground_truth_length = 82, output_length = 44, Percentage Character Errors = 100.0%
Filename = 70.out.txt, no_of_character_errs = 19, ground_truth_length = 41, output_length = 33, Percentage Character Errors = 46.3414634146%
Filename = 700.out.txt, no_of_character_errs = 9, ground_truth_length = 51, output_length = 49, Percentage Character Errors = 17.6470588235%
Filename = 701.out.txt, no_of_character_errs = 17, ground_truth_length = 34, output_length = 30, Percentage Character Errors = 50.0%
Filename = 702.out.txt, no_of_character_errs = 12, ground_truth_length = 40, output_length = 35, Percentage Character Errors = 30.0%
Filename = 703.out.txt, no_of_character_errs = 37, ground_truth_length = 85, output_length = 79, Percentage Character Errors = 43.5294117647%
Filename = 704.out.txt, no_of_character_errs = 9, ground_truth_length = 18, output_length = 17, Percentage Character Errors = 50.0%
Filename = 705.out.txt, no_of_character_errs = 6, ground_truth_length = 16, output_length = 19, Percentage Character Errors = 37.5%
Filename = 706.out.txt, no_of_character_errs = 27, ground_truth_length = 66, output_length = 65, Percentage Character Errors = 40.9090909091%
Filename = 707.out.txt, no_of_character_errs = 13, ground_truth_length = 38, output_length = 39, Percentage Character Errors = 34.2105263158%
Filename = 708.out.txt, no_of_character_errs = 14, ground_truth_length = 38, output_length = 30, Percentage Character Errors = 36.8421052632%
Filename = 709.out.txt, no_of_character_errs = 10, ground_truth_length = 41, output_length = 37, Percentage Character Errors = 24.3902439024%
Filename = 71.out.txt, no_of_character_errs = 5, ground_truth_length = 10, output_length = 12, Percentage Character Errors = 50.0%
Filename = 710.out.txt, no_of_character_errs = 19, ground_truth_length = 40, output_length = 34, Percentage Character Errors = 47.5%
Filename = 711.out.txt, no_of_character_errs = 6, ground_truth_length = 38, output_length = 39, Percentage Character Errors = 15.7894736842%
Filename = 712.out.txt, no_of_character_errs = 8, ground_truth_length = 14, output_length = 15, Percentage Character Errors = 57.1428571429%
Filename = 713.out.txt, no_of_character_errs = 16, ground_truth_length = 37, output_length = 31, Percentage Character Errors = 43.2432432432%
Filename = 714.out.txt, no_of_character_errs = 20, ground_truth_length = 38, output_length = 33, Percentage Character Errors = 52.6315789474%
Filename = 715.out.txt, no_of_character_errs = 5, ground_truth_length = 14, output_length = 15, Percentage Character Errors = 35.7142857143%
Filename = 716.out.txt, no_of_character_errs = 17, ground_truth_length = 58, output_length = 56, Percentage Character Errors = 29.3103448276%
Filename = 717.out.txt, no_of_character_errs = 27, ground_truth_length = 44, output_length = 42, Percentage Character Errors = 61.3636363636%
Filename = 718.out.txt, no_of_character_errs = 18, ground_truth_length = 41, output_length = 41, Percentage Character Errors = 43.9024390244%
Filename = 719.out.txt, no_of_character_errs = 26, ground_truth_length = 85, output_length = 81, Percentage Character Errors = 30.5882352941%
Filename = 72.out.txt, no_of_character_errs = 10, ground_truth_length = 11, output_length = 10, Percentage Character Errors = 90.9090909091%
Filename = 720.out.txt, no_of_character_errs = 37, ground_truth_length = 82, output_length = 60, Percentage Character Errors = 45.1219512195%
Filename = 721.out.txt, no_of_character_errs = 25, ground_truth_length = 77, output_length = 78, Percentage Character Errors = 32.4675324675%
Filename = 722.out.txt, no_of_character_errs = 13, ground_truth_length = 65, output_length = 63, Percentage Character Errors = 20.0%
Filename = 723.out.txt, no_of_character_errs = 31, ground_truth_length = 92, output_length = 89, Percentage Character Errors = 33.6956521739%
Filename = 724.out.txt, no_of_character_errs = 20, ground_truth_length = 57, output_length = 50, Percentage Character Errors = 35.0877192982%
Filename = 725.out.txt, no_of_character_errs = 21, ground_truth_length = 38, output_length = 29, Percentage Character Errors = 55.2631578947%
Filename = 726.out.txt, no_of_character_errs = 18, ground_truth_length = 37, output_length = 31, Percentage Character Errors = 48.6486486486%
Filename = 727.out.txt, no_of_character_errs = 7, ground_truth_length = 40, output_length = 41, Percentage Character Errors = 17.5%
Filename = 728.out.txt, no_of_character_errs = 2, ground_truth_length = 10, output_length = 10, Percentage Character Errors = 20.0%
Filename = 729.out.txt, no_of_character_errs = 17, ground_truth_length = 40, output_length = 37, Percentage Character Errors = 42.5%
Filename = 73.out.txt, no_of_character_errs = 19, ground_truth_length = 39, output_length = 42, Percentage Character Errors = 48.7179487179%
Filename = 730.out.txt, no_of_character_errs = 38, ground_truth_length = 38, output_length = 42, Percentage Character Errors = 100.0%
Filename = 731.out.txt, no_of_character_errs = 9, ground_truth_length = 18, output_length = 20, Percentage Character Errors = 50.0%
Filename = 732.out.txt, no_of_character_errs = 17, ground_truth_length = 41, output_length = 33, Percentage Character Errors = 41.4634146341%
Filename = 733.out.txt, no_of_character_errs = 18, ground_truth_length = 65, output_length = 66, Percentage Character Errors = 27.6923076923%
Filename = 734.out.txt, no_of_character_errs = 21, ground_truth_length = 91, output_length = 96, Percentage Character Errors = 23.0769230769%
Filename = 735.out.txt, no_of_character_errs = 38, ground_truth_length = 38, output_length = 96, Percentage Character Errors = 100.0%
Filename = 736.out.txt, no_of_character_errs = 17, ground_truth_length = 47, output_length = 46, Percentage Character Errors = 36.170212766%
Filename = 737.out.txt, no_of_character_errs = 3, ground_truth_length = 23, output_length = 24, Percentage Character Errors = 13.0434782609%
Filename = 738.out.txt, no_of_character_errs = 6, ground_truth_length = 8, output_length = 11, Percentage Character Errors = 75.0%
Filename = 739.out.txt, no_of_character_errs = 35, ground_truth_length = 81, output_length = 56, Percentage Character Errors = 43.2098765432%
Filename = 74.out.txt, no_of_character_errs = 15, ground_truth_length = 25, output_length = 20, Percentage Character Errors = 60.0%
Filename = 740.out.txt, no_of_character_errs = 19, ground_truth_length = 32, output_length = 32, Percentage Character Errors = 59.375%
Filename = 741.out.txt, no_of_character_errs = 34, ground_truth_length = 91, output_length = 69, Percentage Character Errors = 37.3626373626%
Filename = 742.out.txt, no_of_character_errs = 11, ground_truth_length = 45, output_length = 42, Percentage Character Errors = 24.4444444444%
Filename = 743.out.txt, no_of_character_errs = 21, ground_truth_length = 40, output_length = 31, Percentage Character Errors = 52.5%
Filename = 744.out.txt, no_of_character_errs = 22, ground_truth_length = 34, output_length = 33, Percentage Character Errors = 64.7058823529%
Filename = 745.out.txt, no_of_character_errs = 11, ground_truth_length = 53, output_length = 52, Percentage Character Errors = 20.7547169811%
Filename = 746.out.txt, no_of_character_errs = 12, ground_truth_length = 21, output_length = 20, Percentage Character Errors = 57.1428571429%
Filename = 747.out.txt, no_of_character_errs = 13, ground_truth_length = 70, output_length = 78, Percentage Character Errors = 18.5714285714%
Filename = 748.out.txt, no_of_character_errs = 11, ground_truth_length = 37, output_length = 38, Percentage Character Errors = 29.7297297297%
Filename = 749.out.txt, no_of_character_errs = 18, ground_truth_length = 39, output_length = 52, Percentage Character Errors = 46.1538461538%
Filename = 75.out.txt, no_of_character_errs = 6, ground_truth_length = 37, output_length = 36, Percentage Character Errors = 16.2162162162%
Filename = 750.out.txt, no_of_character_errs = 36, ground_truth_length = 98, output_length = 79, Percentage Character Errors = 36.7346938776%
Filename = 751.out.txt, no_of_character_errs = 10, ground_truth_length = 14, output_length = 12, Percentage Character Errors = 71.4285714286%
Filename = 752.out.txt, no_of_character_errs = 9, ground_truth_length = 37, output_length = 32, Percentage Character Errors = 24.3243243243%
Filename = 753.out.txt, no_of_character_errs = 14, ground_truth_length = 39, output_length = 40, Percentage Character Errors = 35.8974358974%
Filename = 754.out.txt, no_of_character_errs = 22, ground_truth_length = 57, output_length = 44, Percentage Character Errors = 38.5964912281%
Filename = 755.out.txt, no_of_character_errs = 23, ground_truth_length = 41, output_length = 39, Percentage Character Errors = 56.0975609756%
Filename = 756.out.txt, no_of_character_errs = 19, ground_truth_length = 45, output_length = 44, Percentage Character Errors = 42.2222222222%
Filename = 757.out.txt, no_of_character_errs = 16, ground_truth_length = 38, output_length = 29, Percentage Character Errors = 42.1052631579%
Filename = 758.out.txt, no_of_character_errs = 16, ground_truth_length = 40, output_length = 39, Percentage Character Errors = 40.0%
Filename = 759.out.txt, no_of_character_errs = 24, ground_truth_length = 38, output_length = 30, Percentage Character Errors = 63.1578947368%
Filename = 76.out.txt, no_of_character_errs = 18, ground_truth_length = 40, output_length = 39, Percentage Character Errors = 45.0%
Filename = 760.out.txt, no_of_character_errs = 21, ground_truth_length = 40, output_length = 35, Percentage Character Errors = 52.5%
Filename = 761.out.txt, no_of_character_errs = 10, ground_truth_length = 36, output_length = 31, Percentage Character Errors = 27.7777777778%
Filename = 762.out.txt, no_of_character_errs = 14, ground_truth_length = 28, output_length = 21, Percentage Character Errors = 50.0%
Filename = 763.out.txt, no_of_character_errs = 15, ground_truth_length = 29, output_length = 30, Percentage Character Errors = 51.724137931%
Filename = 764.out.txt, no_of_character_errs = 5, ground_truth_length = 15, output_length = 13, Percentage Character Errors = 33.3333333333%
Filename = 765.out.txt, no_of_character_errs = 24, ground_truth_length = 47, output_length = 37, Percentage Character Errors = 51.0638297872%
Filename = 766.out.txt, no_of_character_errs = 13, ground_truth_length = 86, output_length = 87, Percentage Character Errors = 15.1162790698%
Filename = 767.out.txt, no_of_character_errs = 10, ground_truth_length = 37, output_length = 41, Percentage Character Errors = 27.027027027%
Filename = 768.out.txt, no_of_character_errs = 18, ground_truth_length = 39, output_length = 49, Percentage Character Errors = 46.1538461538%
Filename = 769.out.txt, no_of_character_errs = 12, ground_truth_length = 33, output_length = 35, Percentage Character Errors = 36.3636363636%
Filename = 77.out.txt, no_of_character_errs = 13, ground_truth_length = 35, output_length = 36, Percentage Character Errors = 37.1428571429%
Filename = 770.out.txt, no_of_character_errs = 6, ground_truth_length = 14, output_length = 14, Percentage Character Errors = 42.8571428571%
Filename = 771.out.txt, no_of_character_errs = 12, ground_truth_length = 38, output_length = 35, Percentage Character Errors = 31.5789473684%
Filename = 772.out.txt, no_of_character_errs = 41, ground_truth_length = 74, output_length = 63, Percentage Character Errors = 55.4054054054%
Filename = 773.out.txt, no_of_character_errs = 17, ground_truth_length = 37, output_length = 34, Percentage Character Errors = 45.9459459459%
Filename = 774.out.txt, no_of_character_errs = 16, ground_truth_length = 39, output_length = 33, Percentage Character Errors = 41.0256410256%
Filename = 775.out.txt, no_of_character_errs = 8, ground_truth_length = 17, output_length = 16, Percentage Character Errors = 47.0588235294%
Filename = 776.out.txt, no_of_character_errs = 19, ground_truth_length = 38, output_length = 30, Percentage Character Errors = 50.0%
Filename = 777.out.txt, no_of_character_errs = 15, ground_truth_length = 38, output_length = 32, Percentage Character Errors = 39.4736842105%
Filename = 778.out.txt, no_of_character_errs = 14, ground_truth_length = 36, output_length = 30, Percentage Character Errors = 38.8888888889%
Filename = 779.out.txt, no_of_character_errs = 20, ground_truth_length = 67, output_length = 70, Percentage Character Errors = 29.8507462687%
Filename = 78.out.txt, no_of_character_errs = 14, ground_truth_length = 61, output_length = 59, Percentage Character Errors = 22.9508196721%
Filename = 780.out.txt, no_of_character_errs = 43, ground_truth_length = 107, output_length = 93, Percentage Character Errors = 40.1869158879%
Filename = 781.out.txt, no_of_character_errs = 8, ground_truth_length = 37, output_length = 39, Percentage Character Errors = 21.6216216216%
Filename = 782.out.txt, no_of_character_errs = 5, ground_truth_length = 16, output_length = 18, Percentage Character Errors = 31.25%
Filename = 783.out.txt, no_of_character_errs = 12, ground_truth_length = 37, output_length = 36, Percentage Character Errors = 32.4324324324%
Filename = 784.out.txt, no_of_character_errs = 20, ground_truth_length = 93, output_length = 95, Percentage Character Errors = 21.5053763441%
Filename = 785.out.txt, no_of_character_errs = 19, ground_truth_length = 44, output_length = 38, Percentage Character Errors = 43.1818181818%
Filename = 786.out.txt, no_of_character_errs = 17, ground_truth_length = 39, output_length = 33, Percentage Character Errors = 43.5897435897%
Filename = 787.out.txt, no_of_character_errs = 17, ground_truth_length = 68, output_length = 65, Percentage Character Errors = 25.0%
Filename = 788.out.txt, no_of_character_errs = 8, ground_truth_length = 9, output_length = 14, Percentage Character Errors = 88.8888888889%
Filename = 789.out.txt, no_of_character_errs = 27, ground_truth_length = 55, output_length = 42, Percentage Character Errors = 49.0909090909%
Filename = 79.out.txt, no_of_character_errs = 6, ground_truth_length = 7, output_length = 4, Percentage Character Errors = 85.7142857143%
Filename = 790.out.txt, no_of_character_errs = 21, ground_truth_length = 55, output_length = 52, Percentage Character Errors = 38.1818181818%
Filename = 791.out.txt, no_of_character_errs = 23, ground_truth_length = 67, output_length = 60, Percentage Character Errors = 34.328358209%
Filename = 792.out.txt, no_of_character_errs = 22, ground_truth_length = 79, output_length = 73, Percentage Character Errors = 27.8481012658%
Filename = 793.out.txt, no_of_character_errs = 12, ground_truth_length = 49, output_length = 46, Percentage Character Errors = 24.4897959184%
Filename = 794.out.txt, no_of_character_errs = 11, ground_truth_length = 79, output_length = 76, Percentage Character Errors = 13.9240506329%
Filename = 795.out.txt, no_of_character_errs = 19, ground_truth_length = 38, output_length = 27, Percentage Character Errors = 50.0%
Filename = 796.out.txt, no_of_character_errs = 18, ground_truth_length = 41, output_length = 37, Percentage Character Errors = 43.9024390244%
Filename = 797.out.txt, no_of_character_errs = 5, ground_truth_length = 20, output_length = 19, Percentage Character Errors = 25.0%
Filename = 798.out.txt, no_of_character_errs = 11, ground_truth_length = 19, output_length = 16, Percentage Character Errors = 57.8947368421%
Filename = 799.out.txt, no_of_character_errs = 5, ground_truth_length = 18, output_length = 20, Percentage Character Errors = 27.7777777778%
Filename = 8.out.txt, no_of_character_errs = 43, ground_truth_length = 88, output_length = 79, Percentage Character Errors = 48.8636363636%
Filename = 80.out.txt, no_of_character_errs = 3, ground_truth_length = 35, output_length = 35, Percentage Character Errors = 8.57142857143%
Filename = 800.out.txt, no_of_character_errs = 22, ground_truth_length = 38, output_length = 35, Percentage Character Errors = 57.8947368421%
Filename = 801.out.txt, no_of_character_errs = 7, ground_truth_length = 6, output_length = 8, Percentage Character Errors = 116.666666667%
Filename = 802.out.txt, no_of_character_errs = 12, ground_truth_length = 34, output_length = 33, Percentage Character Errors = 35.2941176471%
Filename = 803.out.txt, no_of_character_errs = 19, ground_truth_length = 40, output_length = 40, Percentage Character Errors = 47.5%
Filename = 804.out.txt, no_of_character_errs = 13, ground_truth_length = 61, output_length = 63, Percentage Character Errors = 21.3114754098%
Filename = 805.out.txt, no_of_character_errs = 25, ground_truth_length = 66, output_length = 62, Percentage Character Errors = 37.8787878788%
Filename = 806.out.txt, no_of_character_errs = 21, ground_truth_length = 35, output_length = 39, Percentage Character Errors = 60.0%
Filename = 807.out.txt, no_of_character_errs = 15, ground_truth_length = 24, output_length = 20, Percentage Character Errors = 62.5%
Filename = 808.out.txt, no_of_character_errs = 12, ground_truth_length = 29, output_length = 26, Percentage Character Errors = 41.3793103448%
Filename = 809.out.txt, no_of_character_errs = 11, ground_truth_length = 48, output_length = 47, Percentage Character Errors = 22.9166666667%
Filename = 81.out.txt, no_of_character_errs = 19, ground_truth_length = 40, output_length = 36, Percentage Character Errors = 47.5%
Filename = 810.out.txt, no_of_character_errs = 18, ground_truth_length = 41, output_length = 34, Percentage Character Errors = 43.9024390244%
Filename = 811.out.txt, no_of_character_errs = 9, ground_truth_length = 50, output_length = 49, Percentage Character Errors = 18.0%
Filename = 812.out.txt, no_of_character_errs = 10, ground_truth_length = 25, output_length = 25, Percentage Character Errors = 40.0%
Filename = 813.out.txt, no_of_character_errs = 20, ground_truth_length = 38, output_length = 26, Percentage Character Errors = 52.6315789474%
Filename = 814.out.txt, no_of_character_errs = 32, ground_truth_length = 81, output_length = 82, Percentage Character Errors = 39.5061728395%
Filename = 815.out.txt, no_of_character_errs = 16, ground_truth_length = 40, output_length = 37, Percentage Character Errors = 40.0%
Filename = 816.out.txt, no_of_character_errs = 24, ground_truth_length = 65, output_length = 59, Percentage Character Errors = 36.9230769231%
Filename = 817.out.txt, no_of_character_errs = 21, ground_truth_length = 40, output_length = 37, Percentage Character Errors = 52.5%
Filename = 818.out.txt, no_of_character_errs = 18, ground_truth_length = 41, output_length = 41, Percentage Character Errors = 43.9024390244%
Filename = 819.out.txt, no_of_character_errs = 17, ground_truth_length = 41, output_length = 36, Percentage Character Errors = 41.4634146341%
Filename = 82.out.txt, no_of_character_errs = 6, ground_truth_length = 15, output_length = 13, Percentage Character Errors = 40.0%
Filename = 820.out.txt, no_of_character_errs = 10, ground_truth_length = 26, output_length = 23, Percentage Character Errors = 38.4615384615%
Filename = 821.out.txt, no_of_character_errs = 20, ground_truth_length = 40, output_length = 32, Percentage Character Errors = 50.0%
Filename = 822.out.txt, no_of_character_errs = 16, ground_truth_length = 29, output_length = 23, Percentage Character Errors = 55.1724137931%
Filename = 823.out.txt, no_of_character_errs = 45, ground_truth_length = 86, output_length = 74, Percentage Character Errors = 52.3255813953%
Filename = 824.out.txt, no_of_character_errs = 6, ground_truth_length = 40, output_length = 40, Percentage Character Errors = 15.0%
Filename = 825.out.txt, no_of_character_errs = 20, ground_truth_length = 74, output_length = 68, Percentage Character Errors = 27.027027027%
Filename = 826.out.txt, no_of_character_errs = 5, ground_truth_length = 10, output_length = 12, Percentage Character Errors = 50.0%
Filename = 827.out.txt, no_of_character_errs = 10, ground_truth_length = 25, output_length = 22, Percentage Character Errors = 40.0%
Filename = 828.out.txt, no_of_character_errs = 12, ground_truth_length = 21, output_length = 18, Percentage Character Errors = 57.1428571429%
Filename = 829.out.txt, no_of_character_errs = 23, ground_truth_length = 62, output_length = 64, Percentage Character Errors = 37.0967741935%
Filename = 83.out.txt, no_of_character_errs = 11, ground_truth_length = 28, output_length = 23, Percentage Character Errors = 39.2857142857%
Filename = 830.out.txt, no_of_character_errs = 18, ground_truth_length = 41, output_length = 38, Percentage Character Errors = 43.9024390244%
Filename = 831.out.txt, no_of_character_errs = 15, ground_truth_length = 80, output_length = 81, Percentage Character Errors = 18.75%
Filename = 832.out.txt, no_of_character_errs = 20, ground_truth_length = 51, output_length = 41, Percentage Character Errors = 39.2156862745%
Filename = 833.out.txt, no_of_character_errs = 15, ground_truth_length = 39, output_length = 34, Percentage Character Errors = 38.4615384615%
Filename = 834.out.txt, no_of_character_errs = 15, ground_truth_length = 41, output_length = 39, Percentage Character Errors = 36.5853658537%
Filename = 835.out.txt, no_of_character_errs = 13, ground_truth_length = 42, output_length = 37, Percentage Character Errors = 30.9523809524%
Filename = 836.out.txt, no_of_character_errs = 10, ground_truth_length = 41, output_length = 42, Percentage Character Errors = 24.3902439024%
Filename = 837.out.txt, no_of_character_errs = 8, ground_truth_length = 19, output_length = 18, Percentage Character Errors = 42.1052631579%
Filename = 838.out.txt, no_of_character_errs = 14, ground_truth_length = 38, output_length = 36, Percentage Character Errors = 36.8421052632%
Filename = 839.out.txt, no_of_character_errs = 12, ground_truth_length = 41, output_length = 36, Percentage Character Errors = 29.2682926829%
Filename = 84.out.txt, no_of_character_errs = 10, ground_truth_length = 56, output_length = 55, Percentage Character Errors = 17.8571428571%
Filename = 840.out.txt, no_of_character_errs = 31, ground_truth_length = 81, output_length = 65, Percentage Character Errors = 38.2716049383%
Filename = 841.out.txt, no_of_character_errs = 17, ground_truth_length = 41, output_length = 31, Percentage Character Errors = 41.4634146341%
Filename = 842.out.txt, no_of_character_errs = 10, ground_truth_length = 21, output_length = 18, Percentage Character Errors = 47.619047619%
Filename = 843.out.txt, no_of_character_errs = 14, ground_truth_length = 72, output_length = 73, Percentage Character Errors = 19.4444444444%
Filename = 844.out.txt, no_of_character_errs = 26, ground_truth_length = 52, output_length = 37, Percentage Character Errors = 50.0%
Filename = 845.out.txt, no_of_character_errs = 22, ground_truth_length = 68, output_length = 66, Percentage Character Errors = 32.3529411765%
Filename = 846.out.txt, no_of_character_errs = 12, ground_truth_length = 40, output_length = 43, Percentage Character Errors = 30.0%
Filename = 847.out.txt, no_of_character_errs = 21, ground_truth_length = 83, output_length = 81, Percentage Character Errors = 25.3012048193%
Filename = 848.out.txt, no_of_character_errs = 19, ground_truth_length = 47, output_length = 41, Percentage Character Errors = 40.4255319149%
Filename = 849.out.txt, no_of_character_errs = 12, ground_truth_length = 38, output_length = 45, Percentage Character Errors = 31.5789473684%
Filename = 85.out.txt, no_of_character_errs = 22, ground_truth_length = 39, output_length = 53, Percentage Character Errors = 56.4102564103%
Filename = 850.out.txt, no_of_character_errs = 7, ground_truth_length = 8, output_length = 9, Percentage Character Errors = 87.5%
Filename = 851.out.txt, no_of_character_errs = 36, ground_truth_length = 89, output_length = 73, Percentage Character Errors = 40.4494382022%
Filename = 852.out.txt, no_of_character_errs = 23, ground_truth_length = 39, output_length = 39, Percentage Character Errors = 58.9743589744%
Filename = 853.out.txt, no_of_character_errs = 20, ground_truth_length = 56, output_length = 50, Percentage Character Errors = 35.7142857143%
Filename = 854.out.txt, no_of_character_errs = 10, ground_truth_length = 34, output_length = 33, Percentage Character Errors = 29.4117647059%
Filename = 855.out.txt, no_of_character_errs = 7, ground_truth_length = 14, output_length = 15, Percentage Character Errors = 50.0%
Filename = 856.out.txt, no_of_character_errs = 18, ground_truth_length = 80, output_length = 81, Percentage Character Errors = 22.5%
Filename = 857.out.txt, no_of_character_errs = 21, ground_truth_length = 37, output_length = 32, Percentage Character Errors = 56.7567567568%
Filename = 858.out.txt, no_of_character_errs = 26, ground_truth_length = 53, output_length = 45, Percentage Character Errors = 49.0566037736%
Filename = 859.out.txt, no_of_character_errs = 11, ground_truth_length = 27, output_length = 25, Percentage Character Errors = 40.7407407407%
Filename = 86.out.txt, no_of_character_errs = 5, ground_truth_length = 27, output_length = 29, Percentage Character Errors = 18.5185185185%
Filename = 860.out.txt, no_of_character_errs = 22, ground_truth_length = 40, output_length = 31, Percentage Character Errors = 55.0%
Filename = 861.out.txt, no_of_character_errs = 9, ground_truth_length = 15, output_length = 10, Percentage Character Errors = 60.0%
Filename = 862.out.txt, no_of_character_errs = 29, ground_truth_length = 66, output_length = 57, Percentage Character Errors = 43.9393939394%
Filename = 863.out.txt, no_of_character_errs = 13, ground_truth_length = 38, output_length = 33, Percentage Character Errors = 34.2105263158%
Filename = 864.out.txt, no_of_character_errs = 19, ground_truth_length = 39, output_length = 29, Percentage Character Errors = 48.7179487179%
Filename = 865.out.txt, no_of_character_errs = 23, ground_truth_length = 75, output_length = 69, Percentage Character Errors = 30.6666666667%
Filename = 866.out.txt, no_of_character_errs = 9, ground_truth_length = 37, output_length = 45, Percentage Character Errors = 24.3243243243%
Filename = 867.out.txt, no_of_character_errs = 20, ground_truth_length = 41, output_length = 34, Percentage Character Errors = 48.7804878049%
Filename = 868.out.txt, no_of_character_errs = 36, ground_truth_length = 82, output_length = 70, Percentage Character Errors = 43.9024390244%
Filename = 869.out.txt, no_of_character_errs = 35, ground_truth_length = 72, output_length = 48, Percentage Character Errors = 48.6111111111%
Filename = 87.out.txt, no_of_character_errs = 22, ground_truth_length = 22, output_length = 48, Percentage Character Errors = 100.0%
Filename = 870.out.txt, no_of_character_errs = 19, ground_truth_length = 36, output_length = 32, Percentage Character Errors = 52.7777777778%
Filename = 871.out.txt, no_of_character_errs = 5, ground_truth_length = 14, output_length = 14, Percentage Character Errors = 35.7142857143%
Filename = 872.out.txt, no_of_character_errs = 43, ground_truth_length = 78, output_length = 69, Percentage Character Errors = 55.1282051282%
Filename = 873.out.txt, no_of_character_errs = 17, ground_truth_length = 41, output_length = 34, Percentage Character Errors = 41.4634146341%
Filename = 874.out.txt, no_of_character_errs = 9, ground_truth_length = 39, output_length = 39, Percentage Character Errors = 23.0769230769%
Filename = 875.out.txt, no_of_character_errs = 26, ground_truth_length = 67, output_length = 63, Percentage Character Errors = 38.8059701493%
Filename = 876.out.txt, no_of_character_errs = 7, ground_truth_length = 34, output_length = 37, Percentage Character Errors = 20.5882352941%
Filename = 877.out.txt, no_of_character_errs = 21, ground_truth_length = 38, output_length = 36, Percentage Character Errors = 55.2631578947%
Filename = 878.out.txt, no_of_character_errs = 34, ground_truth_length = 89, output_length = 71, Percentage Character Errors = 38.202247191%
Filename = 879.out.txt, no_of_character_errs = 18, ground_truth_length = 42, output_length = 32, Percentage Character Errors = 42.8571428571%
Filename = 88.out.txt, no_of_character_errs = 17, ground_truth_length = 40, output_length = 38, Percentage Character Errors = 42.5%
Filename = 880.out.txt, no_of_character_errs = 16, ground_truth_length = 47, output_length = 49, Percentage Character Errors = 34.0425531915%
Filename = 881.out.txt, no_of_character_errs = 8, ground_truth_length = 14, output_length = 11, Percentage Character Errors = 57.1428571429%
Filename = 882.out.txt, no_of_character_errs = 26, ground_truth_length = 76, output_length = 74, Percentage Character Errors = 34.2105263158%
Filename = 883.out.txt, no_of_character_errs = 13, ground_truth_length = 37, output_length = 41, Percentage Character Errors = 35.1351351351%
Filename = 884.out.txt, no_of_character_errs = 28, ground_truth_length = 71, output_length = 61, Percentage Character Errors = 39.4366197183%
Filename = 885.out.txt, no_of_character_errs = 17, ground_truth_length = 45, output_length = 40, Percentage Character Errors = 37.7777777778%
Filename = 886.out.txt, no_of_character_errs = 13, ground_truth_length = 41, output_length = 41, Percentage Character Errors = 31.7073170732%
Filename = 887.out.txt, no_of_character_errs = 7, ground_truth_length = 37, output_length = 33, Percentage Character Errors = 18.9189189189%
Filename = 888.out.txt, no_of_character_errs = 9, ground_truth_length = 40, output_length = 36, Percentage Character Errors = 22.5%
Filename = 889.out.txt, no_of_character_errs = 17, ground_truth_length = 43, output_length = 39, Percentage Character Errors = 39.5348837209%
Filename = 89.out.txt, no_of_character_errs = 4, ground_truth_length = 37, output_length = 39, Percentage Character Errors = 10.8108108108%
Filename = 890.out.txt, no_of_character_errs = 19, ground_truth_length = 37, output_length = 34, Percentage Character Errors = 51.3513513514%
Filename = 891.out.txt, no_of_character_errs = 14, ground_truth_length = 30, output_length = 23, Percentage Character Errors = 46.6666666667%
Filename = 892.out.txt, no_of_character_errs = 18, ground_truth_length = 33, output_length = 24, Percentage Character Errors = 54.5454545455%
Filename = 893.out.txt, no_of_character_errs = 6, ground_truth_length = 10, output_length = 11, Percentage Character Errors = 60.0%
Filename = 894.out.txt, no_of_character_errs = 11, ground_truth_length = 39, output_length = 35, Percentage Character Errors = 28.2051282051%
Filename = 895.out.txt, no_of_character_errs = 13, ground_truth_length = 41, output_length = 35, Percentage Character Errors = 31.7073170732%
Filename = 896.out.txt, no_of_character_errs = 9, ground_truth_length = 37, output_length = 34, Percentage Character Errors = 24.3243243243%
Filename = 897.out.txt, no_of_character_errs = 17, ground_truth_length = 43, output_length = 41, Percentage Character Errors = 39.5348837209%
Filename = 898.out.txt, no_of_character_errs = 20, ground_truth_length = 38, output_length = 32, Percentage Character Errors = 52.6315789474%
Filename = 899.out.txt, no_of_character_errs = 6, ground_truth_length = 58, output_length = 58, Percentage Character Errors = 10.3448275862%
Filename = 9.out.txt, no_of_character_errs = 5, ground_truth_length = 38, output_length = 41, Percentage Character Errors = 13.1578947368%
Filename = 90.out.txt, no_of_character_errs = 6, ground_truth_length = 38, output_length = 39, Percentage Character Errors = 15.7894736842%
Filename = 900.out.txt, no_of_character_errs = 4, ground_truth_length = 30, output_length = 30, Percentage Character Errors = 13.3333333333%
Filename = 901.out.txt, no_of_character_errs = 38, ground_truth_length = 89, output_length = 76, Percentage Character Errors = 42.6966292135%
Filename = 902.out.txt, no_of_character_errs = 21, ground_truth_length = 52, output_length = 48, Percentage Character Errors = 40.3846153846%
Filename = 903.out.txt, no_of_character_errs = 14, ground_truth_length = 40, output_length = 44, Percentage Character Errors = 35.0%
Filename = 904.out.txt, no_of_character_errs = 24, ground_truth_length = 57, output_length = 47, Percentage Character Errors = 42.1052631579%
Filename = 905.out.txt, no_of_character_errs = 9, ground_truth_length = 18, output_length = 12, Percentage Character Errors = 50.0%
Filename = 906.out.txt, no_of_character_errs = 27, ground_truth_length = 72, output_length = 60, Percentage Character Errors = 37.5%
Filename = 907.out.txt, no_of_character_errs = 12, ground_truth_length = 41, output_length = 43, Percentage Character Errors = 29.2682926829%
Filename = 908.out.txt, no_of_character_errs = 39, ground_truth_length = 81, output_length = 65, Percentage Character Errors = 48.1481481481%
Filename = 909.out.txt, no_of_character_errs = 19, ground_truth_length = 38, output_length = 33, Percentage Character Errors = 50.0%
Filename = 91.out.txt, no_of_character_errs = 12, ground_truth_length = 40, output_length = 41, Percentage Character Errors = 30.0%
Filename = 910.out.txt, no_of_character_errs = 27, ground_truth_length = 56, output_length = 45, Percentage Character Errors = 48.2142857143%
Filename = 911.out.txt, no_of_character_errs = 4, ground_truth_length = 13, output_length = 14, Percentage Character Errors = 30.7692307692%
Filename = 912.out.txt, no_of_character_errs = 13, ground_truth_length = 40, output_length = 36, Percentage Character Errors = 32.5%
Filename = 913.out.txt, no_of_character_errs = 24, ground_truth_length = 58, output_length = 50, Percentage Character Errors = 41.3793103448%
Filename = 914.out.txt, no_of_character_errs = 3, ground_truth_length = 9, output_length = 9, Percentage Character Errors = 33.3333333333%
Filename = 915.out.txt, no_of_character_errs = 36, ground_truth_length = 100, output_length = 97, Percentage Character Errors = 36.0%
Filename = 916.out.txt, no_of_character_errs = 13, ground_truth_length = 38, output_length = 41, Percentage Character Errors = 34.2105263158%
Filename = 917.out.txt, no_of_character_errs = 14, ground_truth_length = 32, output_length = 25, Percentage Character Errors = 43.75%
Filename = 918.out.txt, no_of_character_errs = 27, ground_truth_length = 60, output_length = 55, Percentage Character Errors = 45.0%
Filename = 919.out.txt, no_of_character_errs = 21, ground_truth_length = 38, output_length = 32, Percentage Character Errors = 55.2631578947%
Filename = 92.out.txt, no_of_character_errs = 4, ground_truth_length = 40, output_length = 38, Percentage Character Errors = 10.0%
Filename = 920.out.txt, no_of_character_errs = 11, ground_truth_length = 13, output_length = 9, Percentage Character Errors = 84.6153846154%
Filename = 921.out.txt, no_of_character_errs = 24, ground_truth_length = 53, output_length = 44, Percentage Character Errors = 45.2830188679%
Filename = 922.out.txt, no_of_character_errs = 13, ground_truth_length = 38, output_length = 32, Percentage Character Errors = 34.2105263158%
Filename = 923.out.txt, no_of_character_errs = 16, ground_truth_length = 40, output_length = 32, Percentage Character Errors = 40.0%
Filename = 924.out.txt, no_of_character_errs = 19, ground_truth_length = 41, output_length = 34, Percentage Character Errors = 46.3414634146%
Filename = 925.out.txt, no_of_character_errs = 14, ground_truth_length = 40, output_length = 32, Percentage Character Errors = 35.0%
Filename = 926.out.txt, no_of_character_errs = 10, ground_truth_length = 38, output_length = 40, Percentage Character Errors = 26.3157894737%
Filename = 927.out.txt, no_of_character_errs = 23, ground_truth_length = 83, output_length = 83, Percentage Character Errors = 27.7108433735%
Filename = 928.out.txt, no_of_character_errs = 8, ground_truth_length = 29, output_length = 26, Percentage Character Errors = 27.5862068966%
Filename = 929.out.txt, no_of_character_errs = 15, ground_truth_length = 79, output_length = 75, Percentage Character Errors = 18.9873417722%
Filename = 93.out.txt, no_of_character_errs = 16, ground_truth_length = 39, output_length = 36, Percentage Character Errors = 41.0256410256%
Filename = 930.out.txt, no_of_character_errs = 15, ground_truth_length = 36, output_length = 37, Percentage Character Errors = 41.6666666667%
Filename = 931.out.txt, no_of_character_errs = 11, ground_truth_length = 53, output_length = 50, Percentage Character Errors = 20.7547169811%
Filename = 932.out.txt, no_of_character_errs = 18, ground_truth_length = 40, output_length = 31, Percentage Character Errors = 45.0%
Filename = 933.out.txt, no_of_character_errs = 10, ground_truth_length = 40, output_length = 39, Percentage Character Errors = 25.0%
Filename = 934.out.txt, no_of_character_errs = 15, ground_truth_length = 41, output_length = 34, Percentage Character Errors = 36.5853658537%
Filename = 935.out.txt, no_of_character_errs = 20, ground_truth_length = 37, output_length = 33, Percentage Character Errors = 54.0540540541%
Filename = 936.out.txt, no_of_character_errs = 9, ground_truth_length = 40, output_length = 39, Percentage Character Errors = 22.5%
Filename = 937.out.txt, no_of_character_errs = 11, ground_truth_length = 17, output_length = 13, Percentage Character Errors = 64.7058823529%
Filename = 938.out.txt, no_of_character_errs = 10, ground_truth_length = 16, output_length = 13, Percentage Character Errors = 62.5%
Filename = 939.out.txt, no_of_character_errs = 16, ground_truth_length = 40, output_length = 37, Percentage Character Errors = 40.0%
Filename = 94.out.txt, no_of_character_errs = 16, ground_truth_length = 25, output_length = 21, Percentage Character Errors = 64.0%
Filename = 940.out.txt, no_of_character_errs = 32, ground_truth_length = 80, output_length = 61, Percentage Character Errors = 40.0%
Filename = 941.out.txt, no_of_character_errs = 7, ground_truth_length = 64, output_length = 67, Percentage Character Errors = 10.9375%
Filename = 942.out.txt, no_of_character_errs = 19, ground_truth_length = 40, output_length = 31, Percentage Character Errors = 47.5%
Filename = 943.out.txt, no_of_character_errs = 19, ground_truth_length = 42, output_length = 35, Percentage Character Errors = 45.2380952381%
Filename = 944.out.txt, no_of_character_errs = 14, ground_truth_length = 40, output_length = 41, Percentage Character Errors = 35.0%
Filename = 945.out.txt, no_of_character_errs = 16, ground_truth_length = 67, output_length = 70, Percentage Character Errors = 23.8805970149%
Filename = 946.out.txt, no_of_character_errs = 22, ground_truth_length = 41, output_length = 33, Percentage Character Errors = 53.6585365854%
Filename = 947.out.txt, no_of_character_errs = 13, ground_truth_length = 38, output_length = 34, Percentage Character Errors = 34.2105263158%
Filename = 948.out.txt, no_of_character_errs = 67, ground_truth_length = 67, output_length = 34, Percentage Character Errors = 100.0%
Filename = 949.out.txt, no_of_character_errs = 30, ground_truth_length = 67, output_length = 55, Percentage Character Errors = 44.776119403%
Filename = 95.out.txt, no_of_character_errs = 20, ground_truth_length = 40, output_length = 31, Percentage Character Errors = 50.0%
Filename = 950.out.txt, no_of_character_errs = 18, ground_truth_length = 38, output_length = 32, Percentage Character Errors = 47.3684210526%
Filename = 951.out.txt, no_of_character_errs = 5, ground_truth_length = 40, output_length = 42, Percentage Character Errors = 12.5%
Filename = 952.out.txt, no_of_character_errs = 12, ground_truth_length = 38, output_length = 38, Percentage Character Errors = 31.5789473684%
Filename = 953.out.txt, no_of_character_errs = 21, ground_truth_length = 43, output_length = 41, Percentage Character Errors = 48.8372093023%
Filename = 954.out.txt, no_of_character_errs = 26, ground_truth_length = 90, output_length = 92, Percentage Character Errors = 28.8888888889%
Filename = 955.out.txt, no_of_character_errs = 10, ground_truth_length = 38, output_length = 36, Percentage Character Errors = 26.3157894737%
Filename = 956.out.txt, no_of_character_errs = 25, ground_truth_length = 40, output_length = 34, Percentage Character Errors = 62.5%
Filename = 957.out.txt, no_of_character_errs = 66, ground_truth_length = 66, output_length = 34, Percentage Character Errors = 100.0%
Filename = 958.out.txt, no_of_character_errs = 28, ground_truth_length = 71, output_length = 65, Percentage Character Errors = 39.4366197183%
Filename = 959.out.txt, no_of_character_errs = 15, ground_truth_length = 63, output_length = 60, Percentage Character Errors = 23.8095238095%
Filename = 96.out.txt, no_of_character_errs = 18, ground_truth_length = 41, output_length = 41, Percentage Character Errors = 43.9024390244%
Filename = 960.out.txt, no_of_character_errs = 12, ground_truth_length = 39, output_length = 39, Percentage Character Errors = 30.7692307692%
Filename = 961.out.txt, no_of_character_errs = 11, ground_truth_length = 39, output_length = 39, Percentage Character Errors = 28.2051282051%
Filename = 962.out.txt, no_of_character_errs = 17, ground_truth_length = 52, output_length = 52, Percentage Character Errors = 32.6923076923%
Filename = 963.out.txt, no_of_character_errs = 81, ground_truth_length = 81, output_length = 52, Percentage Character Errors = 100.0%
Filename = 964.out.txt, no_of_character_errs = 9, ground_truth_length = 59, output_length = 56, Percentage Character Errors = 15.2542372881%
Filename = 965.out.txt, no_of_character_errs = 18, ground_truth_length = 34, output_length = 29, Percentage Character Errors = 52.9411764706%
Filename = 966.out.txt, no_of_character_errs = 6, ground_truth_length = 4, output_length = 6, Percentage Character Errors = 150.0%
Filename = 967.out.txt, no_of_character_errs = 28, ground_truth_length = 103, output_length = 103, Percentage Character Errors = 27.1844660194%
Filename = 968.out.txt, no_of_character_errs = 19, ground_truth_length = 35, output_length = 30, Percentage Character Errors = 54.2857142857%
Filename = 969.out.txt, no_of_character_errs = 20, ground_truth_length = 41, output_length = 38, Percentage Character Errors = 48.7804878049%
Filename = 97.out.txt, no_of_character_errs = 20, ground_truth_length = 66, output_length = 61, Percentage Character Errors = 30.303030303%
Filename = 970.out.txt, no_of_character_errs = 14, ground_truth_length = 40, output_length = 35, Percentage Character Errors = 35.0%
Filename = 971.out.txt, no_of_character_errs = 17, ground_truth_length = 34, output_length = 29, Percentage Character Errors = 50.0%
Filename = 972.out.txt, no_of_character_errs = 2, ground_truth_length = 24, output_length = 23, Percentage Character Errors = 8.33333333333%
Filename = 973.out.txt, no_of_character_errs = 5, ground_truth_length = 7, output_length = 8, Percentage Character Errors = 71.4285714286%
Filename = 974.out.txt, no_of_character_errs = 8, ground_truth_length = 38, output_length = 42, Percentage Character Errors = 21.0526315789%
Filename = 975.out.txt, no_of_character_errs = 16, ground_truth_length = 40, output_length = 45, Percentage Character Errors = 40.0%
Filename = 976.out.txt, no_of_character_errs = 15, ground_truth_length = 35, output_length = 34, Percentage Character Errors = 42.8571428571%
Filename = 977.out.txt, no_of_character_errs = 3, ground_truth_length = 51, output_length = 50, Percentage Character Errors = 5.88235294118%
Filename = 978.out.txt, no_of_character_errs = 19, ground_truth_length = 88, output_length = 81, Percentage Character Errors = 21.5909090909%
Filename = 979.out.txt, no_of_character_errs = 31, ground_truth_length = 84, output_length = 75, Percentage Character Errors = 36.9047619048%
Filename = 98.out.txt, no_of_character_errs = 8, ground_truth_length = 38, output_length = 38, Percentage Character Errors = 21.0526315789%
Filename = 980.out.txt, no_of_character_errs = 9, ground_truth_length = 37, output_length = 39, Percentage Character Errors = 24.3243243243%
Filename = 981.out.txt, no_of_character_errs = 20, ground_truth_length = 41, output_length = 39, Percentage Character Errors = 48.7804878049%
Filename = 982.out.txt, no_of_character_errs = 31, ground_truth_length = 89, output_length = 84, Percentage Character Errors = 34.8314606742%
Filename = 983.out.txt, no_of_character_errs = 13, ground_truth_length = 38, output_length = 34, Percentage Character Errors = 34.2105263158%
Filename = 984.out.txt, no_of_character_errs = 11, ground_truth_length = 32, output_length = 35, Percentage Character Errors = 34.375%
Filename = 985.out.txt, no_of_character_errs = 35, ground_truth_length = 66, output_length = 55, Percentage Character Errors = 53.0303030303%
Filename = 986.out.txt, no_of_character_errs = 12, ground_truth_length = 41, output_length = 40, Percentage Character Errors = 29.2682926829%
Filename = 987.out.txt, no_of_character_errs = 19, ground_truth_length = 35, output_length = 26, Percentage Character Errors = 54.2857142857%
Filename = 988.out.txt, no_of_character_errs = 40, ground_truth_length = 92, output_length = 82, Percentage Character Errors = 43.4782608696%
Filename = 989.out.txt, no_of_character_errs = 19, ground_truth_length = 39, output_length = 33, Percentage Character Errors = 48.7179487179%
Filename = 99.out.txt, no_of_character_errs = 27, ground_truth_length = 51, output_length = 47, Percentage Character Errors = 52.9411764706%
Filename = 990.out.txt, no_of_character_errs = 3, ground_truth_length = 11, output_length = 12, Percentage Character Errors = 27.2727272727%
Filename = 991.out.txt, no_of_character_errs = 16, ground_truth_length = 38, output_length = 44, Percentage Character Errors = 42.1052631579%
Filename = 992.out.txt, no_of_character_errs = 10, ground_truth_length = 15, output_length = 14, Percentage Character Errors = 66.6666666667%
Filename = 993.out.txt, no_of_character_errs = 24, ground_truth_length = 38, output_length = 33, Percentage Character Errors = 63.1578947368%
Filename = 994.out.txt, no_of_character_errs = 22, ground_truth_length = 62, output_length = 54, Percentage Character Errors = 35.4838709677%
Filename = 995.out.txt, no_of_character_errs = 10, ground_truth_length = 36, output_length = 36, Percentage Character Errors = 27.7777777778%
Filename = 996.out.txt, no_of_character_errs = 14, ground_truth_length = 35, output_length = 32, Percentage Character Errors = 40.0%
Filename = 997.out.txt, no_of_character_errs = 14, ground_truth_length = 29, output_length = 28, Percentage Character Errors = 48.275862069%
Filename = 998.out.txt, no_of_character_errs = 29, ground_truth_length = 71, output_length = 56, Percentage Character Errors = 40.8450704225%
Filename = 999.out.txt, no_of_character_errs = 9, ground_truth_length = 39, output_length = 36, Percentage Character Errors = 23.0769230769%
